<?xml version="1.0"?>
<link_info>
   <banner>TI ARM Linker PC v16.9.0.LTS</banner>
   <copyright>Copyright (c) 1996-2015 Texas Instruments Incorporated</copyright>
   <link_time>0x58ee664f</link_time>
   <link_errors>0x0</link_errors>
   <output_file>EGR536_Project1.out</output_file>
   <entry_point>
      <name>_c_int00</name>
      <address>0x9ae9</address>
   </entry_point>
   <input_file_list>
      <input_file id="fl-2">
         <path>.\</path>
         <kind>object</kind>
         <file>Transmission.obj</file>
         <name>Transmission.obj</name>
      </input_file>
      <input_file id="fl-3">
         <path>.\</path>
         <kind>object</kind>
         <file>bme280.obj</file>
         <name>bme280.obj</name>
      </input_file>
      <input_file id="fl-4">
         <path>.\</path>
         <kind>object</kind>
         <file>bme280nterfacing.obj</file>
         <name>bme280nterfacing.obj</name>
      </input_file>
      <input_file id="fl-5">
         <path>.\</path>
         <kind>object</kind>
         <file>i2c.obj</file>
         <name>i2c.obj</name>
      </input_file>
      <input_file id="fl-6">
         <path>.\</path>
         <kind>object</kind>
         <file>main.obj</file>
         <name>main.obj</name>
      </input_file>
      <input_file id="fl-7">
         <path>.\</path>
         <kind>object</kind>
         <file>msp432_spi.obj</file>
         <name>msp432_spi.obj</name>
      </input_file>
      <input_file id="fl-8">
         <path>.\</path>
         <kind>object</kind>
         <file>msprf24.obj</file>
         <name>msprf24.obj</name>
      </input_file>
      <input_file id="fl-9">
         <path>.\</path>
         <kind>object</kind>
         <file>printfOverride.obj</file>
         <name>printfOverride.obj</name>
      </input_file>
      <input_file id="fl-a">
         <path>.\</path>
         <kind>object</kind>
         <file>rtcInterface.obj</file>
         <name>rtcInterface.obj</name>
      </input_file>
      <input_file id="fl-b">
         <path>.\</path>
         <kind>object</kind>
         <file>spiDriver.obj</file>
         <name>spiDriver.obj</name>
      </input_file>
      <input_file id="fl-c">
         <path>.\</path>
         <kind>object</kind>
         <file>startup_msp432p401r_ccs.obj</file>
         <name>startup_msp432p401r_ccs.obj</name>
      </input_file>
      <input_file id="fl-d">
         <path>.\</path>
         <kind>object</kind>
         <file>supportfunctions.obj</file>
         <name>supportfunctions.obj</name>
      </input_file>
      <input_file id="fl-e">
         <path>.\</path>
         <kind>object</kind>
         <file>system_msp432p401r.obj</file>
         <name>system_msp432p401r.obj</name>
      </input_file>
      <input_file id="fl-f">
         <path>.\thirdparty\fatfs\port\</path>
         <kind>object</kind>
         <file>mmc-msp432P401r.obj</file>
         <name>mmc-msp432P401r.obj</name>
      </input_file>
      <input_file id="fl-10">
         <path>.\thirdparty\fatfs\src\</path>
         <kind>object</kind>
         <file>ff.obj</file>
         <name>ff.obj</name>
      </input_file>
      <input_file id="fl-11">
         <path>.\utils\</path>
         <kind>object</kind>
         <file>cmdline.obj</file>
         <name>cmdline.obj</name>
      </input_file>
      <input_file id="fl-cc">
         <path>C:\ti\ccsv7\tools\compiler\ti-cgt-arm_16.9.0.LTS\lib\</path>
         <kind>archive</kind>
         <file>rtsv7M4_T_le_v4SPD16_eabi.lib</file>
         <name>boot.obj</name>
      </input_file>
      <input_file id="fl-cd">
         <path>C:\ti\ccsv7\tools\compiler\ti-cgt-arm_16.9.0.LTS\lib\</path>
         <kind>archive</kind>
         <file>rtsv7M4_T_le_v4SPD16_eabi.lib</file>
         <name>copy_decompress_lzss.obj</name>
      </input_file>
      <input_file id="fl-ce">
         <path>C:\ti\ccsv7\tools\compiler\ti-cgt-arm_16.9.0.LTS\lib\</path>
         <kind>archive</kind>
         <file>rtsv7M4_T_le_v4SPD16_eabi.lib</file>
         <name>copy_decompress_none.obj</name>
      </input_file>
      <input_file id="fl-cf">
         <path>C:\ti\ccsv7\tools\compiler\ti-cgt-arm_16.9.0.LTS\lib\</path>
         <kind>archive</kind>
         <file>rtsv7M4_T_le_v4SPD16_eabi.lib</file>
         <name>copy_zero_init.obj</name>
      </input_file>
      <input_file id="fl-d0">
         <path>C:\ti\ccsv7\tools\compiler\ti-cgt-arm_16.9.0.LTS\lib\</path>
         <kind>archive</kind>
         <file>rtsv7M4_T_le_v4SPD16_eabi.lib</file>
         <name>exit.obj</name>
      </input_file>
      <input_file id="fl-d1">
         <path>C:\ti\ccsv7\tools\compiler\ti-cgt-arm_16.9.0.LTS\lib\</path>
         <kind>archive</kind>
         <file>rtsv7M4_T_le_v4SPD16_eabi.lib</file>
         <name>fd_add_t2.obj</name>
      </input_file>
      <input_file id="fl-d2">
         <path>C:\ti\ccsv7\tools\compiler\ti-cgt-arm_16.9.0.LTS\lib\</path>
         <kind>archive</kind>
         <file>rtsv7M4_T_le_v4SPD16_eabi.lib</file>
         <name>fd_cmp_t2.obj</name>
      </input_file>
      <input_file id="fl-d3">
         <path>C:\ti\ccsv7\tools\compiler\ti-cgt-arm_16.9.0.LTS\lib\</path>
         <kind>archive</kind>
         <file>rtsv7M4_T_le_v4SPD16_eabi.lib</file>
         <name>fd_div_t2.obj</name>
      </input_file>
      <input_file id="fl-d4">
         <path>C:\ti\ccsv7\tools\compiler\ti-cgt-arm_16.9.0.LTS\lib\</path>
         <kind>archive</kind>
         <file>rtsv7M4_T_le_v4SPD16_eabi.lib</file>
         <name>fd_mul_t2.obj</name>
      </input_file>
      <input_file id="fl-d5">
         <path>C:\ti\ccsv7\tools\compiler\ti-cgt-arm_16.9.0.LTS\lib\</path>
         <kind>archive</kind>
         <file>rtsv7M4_T_le_v4SPD16_eabi.lib</file>
         <name>fd_toi_t2.obj</name>
      </input_file>
      <input_file id="fl-d6">
         <path>C:\ti\ccsv7\tools\compiler\ti-cgt-arm_16.9.0.LTS\lib\</path>
         <kind>archive</kind>
         <file>rtsv7M4_T_le_v4SPD16_eabi.lib</file>
         <name>fd_tos_t2.obj</name>
      </input_file>
      <input_file id="fl-d7">
         <path>C:\ti\ccsv7\tools\compiler\ti-cgt-arm_16.9.0.LTS\lib\</path>
         <kind>archive</kind>
         <file>rtsv7M4_T_le_v4SPD16_eabi.lib</file>
         <name>fs_tod_t2.obj</name>
      </input_file>
      <input_file id="fl-d8">
         <path>C:\ti\ccsv7\tools\compiler\ti-cgt-arm_16.9.0.LTS\lib\</path>
         <kind>archive</kind>
         <file>rtsv7M4_T_le_v4SPD16_eabi.lib</file>
         <name>i_tofd_t2.obj</name>
      </input_file>
      <input_file id="fl-d9">
         <path>C:\ti\ccsv7\tools\compiler\ti-cgt-arm_16.9.0.LTS\lib\</path>
         <kind>archive</kind>
         <file>rtsv7M4_T_le_v4SPD16_eabi.lib</file>
         <name>ll_div_t2.obj</name>
      </input_file>
      <input_file id="fl-da">
         <path>C:\ti\ccsv7\tools\compiler\ti-cgt-arm_16.9.0.LTS\lib\</path>
         <kind>archive</kind>
         <file>rtsv7M4_T_le_v4SPD16_eabi.lib</file>
         <name>ll_mul_t2.obj</name>
      </input_file>
      <input_file id="fl-db">
         <path>C:\ti\ccsv7\tools\compiler\ti-cgt-arm_16.9.0.LTS\lib\</path>
         <kind>archive</kind>
         <file>rtsv7M4_T_le_v4SPD16_eabi.lib</file>
         <name>memcpy_t2.obj</name>
      </input_file>
      <input_file id="fl-dc">
         <path>C:\ti\ccsv7\tools\compiler\ti-cgt-arm_16.9.0.LTS\lib\</path>
         <kind>archive</kind>
         <file>rtsv7M4_T_le_v4SPD16_eabi.lib</file>
         <name>memset_t2.obj</name>
      </input_file>
      <input_file id="fl-dd">
         <path>C:\ti\ccsv7\tools\compiler\ti-cgt-arm_16.9.0.LTS\lib\</path>
         <kind>archive</kind>
         <file>rtsv7M4_T_le_v4SPD16_eabi.lib</file>
         <name>mpu_init.obj</name>
      </input_file>
      <input_file id="fl-de">
         <path>C:\ti\ccsv7\tools\compiler\ti-cgt-arm_16.9.0.LTS\lib\</path>
         <kind>archive</kind>
         <file>rtsv7M4_T_le_v4SPD16_eabi.lib</file>
         <name>pre_init.obj</name>
      </input_file>
      <input_file id="fl-df">
         <path>C:\ti\ccsv7\tools\compiler\ti-cgt-arm_16.9.0.LTS\lib\</path>
         <kind>archive</kind>
         <file>rtsv7M4_T_le_v4SPD16_eabi.lib</file>
         <name>printf.obj</name>
      </input_file>
      <input_file id="fl-e0">
         <path>C:\ti\ccsv7\tools\compiler\ti-cgt-arm_16.9.0.LTS\lib\</path>
         <kind>archive</kind>
         <file>rtsv7M4_T_le_v4SPD16_eabi.lib</file>
         <name>sprintf.obj</name>
      </input_file>
      <input_file id="fl-e1">
         <path>C:\ti\ccsv7\tools\compiler\ti-cgt-arm_16.9.0.LTS\lib\</path>
         <kind>archive</kind>
         <file>rtsv7M4_T_le_v4SPD16_eabi.lib</file>
         <name>stkdepth_vars.obj</name>
      </input_file>
      <input_file id="fl-e2">
         <path>C:\ti\ccsv7\tools\compiler\ti-cgt-arm_16.9.0.LTS\lib\</path>
         <kind>archive</kind>
         <file>rtsv7M4_T_le_v4SPD16_eabi.lib</file>
         <name>strcmp.obj</name>
      </input_file>
      <input_file id="fl-e3">
         <path>C:\ti\ccsv7\tools\compiler\ti-cgt-arm_16.9.0.LTS\lib\</path>
         <kind>archive</kind>
         <file>rtsv7M4_T_le_v4SPD16_eabi.lib</file>
         <name>strcpy.obj</name>
      </input_file>
      <input_file id="fl-e4">
         <path>C:\ti\ccsv7\tools\compiler\ti-cgt-arm_16.9.0.LTS\lib\</path>
         <kind>archive</kind>
         <file>rtsv7M4_T_le_v4SPD16_eabi.lib</file>
         <name>strlen.obj</name>
      </input_file>
      <input_file id="fl-e5">
         <path>C:\ti\ccsv7\tools\compiler\ti-cgt-arm_16.9.0.LTS\lib\</path>
         <kind>archive</kind>
         <file>rtsv7M4_T_le_v4SPD16_eabi.lib</file>
         <name>u_tofd_t2.obj</name>
      </input_file>
      <input_file id="fl-e6">
         <path>C:\ti\ccsv7\tools\compiler\ti-cgt-arm_16.9.0.LTS\lib\</path>
         <kind>archive</kind>
         <file>rtsv7M4_T_le_v4SPD16_eabi.lib</file>
         <name>_lock.obj</name>
      </input_file>
      <input_file id="fl-e7">
         <path>C:\ti\ccsv7\tools\compiler\ti-cgt-arm_16.9.0.LTS\lib\</path>
         <kind>archive</kind>
         <file>rtsv7M4_T_le_v4SPD16_eabi.lib</file>
         <name>_printfi.obj</name>
      </input_file>
      <input_file id="fl-e8">
         <path>C:\ti\ccsv7\tools\compiler\ti-cgt-arm_16.9.0.LTS\lib\</path>
         <kind>archive</kind>
         <file>rtsv7M4_T_le_v4SPD16_eabi.lib</file>
         <name>args_main.obj</name>
      </input_file>
      <input_file id="fl-e9">
         <path>C:\ti\ccsv7\tools\compiler\ti-cgt-arm_16.9.0.LTS\lib\</path>
         <kind>archive</kind>
         <file>rtsv7M4_T_le_v4SPD16_eabi.lib</file>
         <name>atoi.obj</name>
      </input_file>
      <input_file id="fl-ea">
         <path>C:\ti\ccsv7\tools\compiler\ti-cgt-arm_16.9.0.LTS\lib\</path>
         <kind>archive</kind>
         <file>rtsv7M4_T_le_v4SPD16_eabi.lib</file>
         <name>autoinit.obj</name>
      </input_file>
      <input_file id="fl-eb">
         <path>C:\ti\ccsv7\tools\compiler\ti-cgt-arm_16.9.0.LTS\lib\</path>
         <kind>archive</kind>
         <file>rtsv7M4_T_le_v4SPD16_eabi.lib</file>
         <name>cpy_tbl.obj</name>
      </input_file>
      <input_file id="fl-ec">
         <path>C:\ti\ccsv7\tools\compiler\ti-cgt-arm_16.9.0.LTS\lib\</path>
         <kind>archive</kind>
         <file>rtsv7M4_T_le_v4SPD16_eabi.lib</file>
         <name>ctype.obj</name>
      </input_file>
      <input_file id="fl-ed">
         <path>C:\ti\ccsv7\tools\compiler\ti-cgt-arm_16.9.0.LTS\lib\</path>
         <kind>archive</kind>
         <file>rtsv7M4_T_le_v4SPD16_eabi.lib</file>
         <name>defs.obj</name>
      </input_file>
      <input_file id="fl-ee">
         <path>C:\ti\ccsv7\tools\compiler\ti-cgt-arm_16.9.0.LTS\lib\</path>
         <kind>archive</kind>
         <file>rtsv7M4_T_le_v4SPD16_eabi.lib</file>
         <name>l_div0.obj</name>
      </input_file>
      <input_file id="fl-ef">
         <path>C:\ti\ccsv7\tools\compiler\ti-cgt-arm_16.9.0.LTS\lib\</path>
         <kind>archive</kind>
         <file>rtsv7M4_T_le_v4SPD16_eabi.lib</file>
         <name>ltoa.obj</name>
      </input_file>
      <input_file id="fl-f0">
         <path>C:\ti\ccsv7\tools\compiler\ti-cgt-arm_16.9.0.LTS\lib\</path>
         <kind>archive</kind>
         <file>rtsv7M4_T_le_v4SPD16_eabi.lib</file>
         <name>memccpy.obj</name>
      </input_file>
      <input_file id="fl-f1">
         <path>C:\ti\ccsv7\tools\compiler\ti-cgt-arm_16.9.0.LTS\lib\</path>
         <kind>archive</kind>
         <file>rtsv7M4_T_le_v4SPD16_eabi.lib</file>
         <name>s_frexp.obj</name>
      </input_file>
      <input_file id="fl-f2">
         <path>C:\ti\ccsv7\tools\compiler\ti-cgt-arm_16.9.0.LTS\lib\</path>
         <kind>archive</kind>
         <file>rtsv7M4_T_le_v4SPD16_eabi.lib</file>
         <name>s_scalbn.obj</name>
      </input_file>
      <input_file id="fl-f3">
         <path>C:\ti\ccsv7\tools\compiler\ti-cgt-arm_16.9.0.LTS\lib\</path>
         <kind>archive</kind>
         <file>rtsv7M4_T_le_v4SPD16_eabi.lib</file>
         <name>startup.obj</name>
      </input_file>
      <input_file id="fl-f4">
         <path>C:\ti\ccsv7\tools\compiler\ti-cgt-arm_16.9.0.LTS\lib\</path>
         <kind>archive</kind>
         <file>rtsv7M4_T_le_v4SPD16_eabi.lib</file>
         <name>strchr.obj</name>
      </input_file>
      <input_file id="fl-f5">
         <path>C:\ti\ccsv7\tools\compiler\ti-cgt-arm_16.9.0.LTS\lib\</path>
         <kind>archive</kind>
         <file>rtsv7M4_T_le_v4SPD16_eabi.lib</file>
         <name>ull_div_t2.obj</name>
      </input_file>
      <input_file id="fl-f6">
         <path>C:\ti\ccsv7\tools\compiler\ti-cgt-arm_16.9.0.LTS\lib\</path>
         <kind>archive</kind>
         <file>rtsv7M4_T_le_v4SPD16_eabi.lib</file>
         <name>errno.obj</name>
      </input_file>
      <input_file id="fl-f7">
         <path>C:\ti\ccsv7\tools\compiler\ti-cgt-arm_16.9.0.LTS\lib\</path>
         <kind>archive</kind>
         <file>rtsv7M4_T_le_v4SPD16_eabi.lib</file>
         <name>s_copysign.obj</name>
      </input_file>
      <input_file id="fl-f8">
         <path>C:\ti\msp\MSP432Ware_3_50_00_02\driverlib\driverlib\MSP432P4xx\ccs\</path>
         <kind>archive</kind>
         <file>msp432p4xx_driverlib.lib</file>
         <name>cs.o</name>
      </input_file>
      <input_file id="fl-f9">
         <path>C:\ti\msp\MSP432Ware_3_50_00_02\driverlib\driverlib\MSP432P4xx\ccs\</path>
         <kind>archive</kind>
         <file>msp432p4xx_driverlib.lib</file>
         <name>gpio.o</name>
      </input_file>
      <input_file id="fl-fa">
         <path>C:\ti\msp\MSP432Ware_3_50_00_02\driverlib\driverlib\MSP432P4xx\ccs\</path>
         <kind>archive</kind>
         <file>msp432p4xx_driverlib.lib</file>
         <name>interrupt.o</name>
      </input_file>
      <input_file id="fl-fb">
         <path>C:\ti\msp\MSP432Ware_3_50_00_02\driverlib\driverlib\MSP432P4xx\ccs\</path>
         <kind>archive</kind>
         <file>msp432p4xx_driverlib.lib</file>
         <name>spi.o</name>
      </input_file>
      <input_file id="fl-fc">
         <path>C:\ti\msp\MSP432Ware_3_50_00_02\driverlib\driverlib\MSP432P4xx\ccs\</path>
         <kind>archive</kind>
         <file>msp432p4xx_driverlib.lib</file>
         <name>sysctl.o</name>
      </input_file>
      <input_file id="fl-fd">
         <path>C:\ti\msp\MSP432Ware_3_50_00_02\driverlib\driverlib\MSP432P4xx\ccs\</path>
         <kind>archive</kind>
         <file>msp432p4xx_driverlib.lib</file>
         <name>uart.o</name>
      </input_file>
      <input_file id="fl-fe">
         <path>C:\ti\msp\MSP432Ware_3_50_00_02\driverlib\driverlib\MSP432P4xx\ccs\</path>
         <kind>archive</kind>
         <file>msp432p4xx_driverlib.lib</file>
         <name>cpu.o</name>
      </input_file>
   </input_file_list>
   <object_component_list>
      <object_component id="oc-2c">
         <name>.intvecs:retain</name>
         <load_address>0x0</load_address>
         <run_address>0x0</run_address>
         <size>0xe4</size>
         <input_file_ref idref="fl-c"/>
      </object_component>
      <object_component id="oc-f8">
         <name>.text</name>
         <load_address>0xe4</load_address>
         <run_address>0xe4</run_address>
         <size>0x2a0e</size>
         <input_file_ref idref="fl-10"/>
      </object_component>
      <object_component id="oc-3ba">
         <name>.text</name>
         <load_address>0x2af2</load_address>
         <run_address>0x2af2</run_address>
         <size>0x2</size>
         <input_file_ref idref="fl-ee"/>
      </object_component>
      <object_component id="oc-16b">
         <name>.text</name>
         <load_address>0x2af4</load_address>
         <run_address>0x2af4</run_address>
         <size>0x1e9c</size>
         <input_file_ref idref="fl-3"/>
      </object_component>
      <object_component id="oc-235">
         <name>.text</name>
         <load_address>0x4990</load_address>
         <run_address>0x4990</run_address>
         <size>0x113a</size>
         <input_file_ref idref="fl-e7"/>
      </object_component>
      <object_component id="oc-53">
         <name>.text</name>
         <load_address>0x5aca</load_address>
         <run_address>0x5aca</run_address>
         <size>0x2</size>
         <input_file_ref idref="fl-dd"/>
      </object_component>
      <object_component id="oc-8d">
         <name>.text</name>
         <load_address>0x5acc</load_address>
         <run_address>0x5acc</run_address>
         <size>0xc5c</size>
         <input_file_ref idref="fl-8"/>
      </object_component>
      <object_component id="oc-dc">
         <name>.text</name>
         <load_address>0x6728</load_address>
         <run_address>0x6728</run_address>
         <size>0x870</size>
         <input_file_ref idref="fl-f"/>
      </object_component>
      <object_component id="oc-81">
         <name>.text</name>
         <load_address>0x6f98</load_address>
         <run_address>0x6f98</run_address>
         <size>0x7e8</size>
         <input_file_ref idref="fl-6"/>
      </object_component>
      <object_component id="oc-87">
         <name>.text</name>
         <load_address>0x7780</load_address>
         <run_address>0x7780</run_address>
         <size>0x7c4</size>
         <input_file_ref idref="fl-4"/>
      </object_component>
      <object_component id="oc-165">
         <name>.text</name>
         <load_address>0x7f44</load_address>
         <run_address>0x7f44</run_address>
         <size>0x3b0</size>
         <input_file_ref idref="fl-5"/>
      </object_component>
      <object_component id="oc-c9">
         <name>.text</name>
         <load_address>0x82f4</load_address>
         <run_address>0x82f4</run_address>
         <size>0x32c</size>
         <input_file_ref idref="fl-e"/>
      </object_component>
      <object_component id="oc-2c7">
         <name>.text</name>
         <load_address>0x8620</load_address>
         <run_address>0x8620</run_address>
         <size>0x21e</size>
         <input_file_ref idref="fl-d9"/>
      </object_component>
      <object_component id="oc-344">
         <name>.text</name>
         <load_address>0x883e</load_address>
         <run_address>0x883e</run_address>
         <size>0x1f4</size>
         <input_file_ref idref="fl-f5"/>
      </object_component>
      <object_component id="oc-b4">
         <name>.text</name>
         <load_address>0x8a32</load_address>
         <run_address>0x8a32</run_address>
         <size>0x2</size>
         <input_file_ref idref="fl-f3"/>
      </object_component>
      <object_component id="oc-143">
         <name>.text</name>
         <load_address>0x8a34</load_address>
         <run_address>0x8a34</run_address>
         <size>0x1e4</size>
         <input_file_ref idref="fl-2"/>
      </object_component>
      <object_component id="oc-18b">
         <name>.text</name>
         <load_address>0x8c18</load_address>
         <run_address>0x8c18</run_address>
         <size>0x1b6</size>
         <input_file_ref idref="fl-d1"/>
      </object_component>
      <object_component id="oc-17c">
         <name>.text</name>
         <load_address>0x8dce</load_address>
         <run_address>0x8dce</run_address>
         <size>0x136</size>
         <input_file_ref idref="fl-d3"/>
      </object_component>
      <object_component id="oc-13d">
         <name>.text</name>
         <load_address>0x8f04</load_address>
         <run_address>0x8f04</run_address>
         <size>0x110</size>
         <input_file_ref idref="fl-b"/>
      </object_component>
      <object_component id="oc-177">
         <name>.text</name>
         <load_address>0x9014</load_address>
         <run_address>0x9014</run_address>
         <size>0xfc</size>
         <input_file_ref idref="fl-d4"/>
      </object_component>
      <object_component id="oc-355">
         <name>.text</name>
         <load_address>0x9110</load_address>
         <run_address>0x9110</run_address>
         <size>0xfc</size>
         <input_file_ref idref="fl-f2"/>
      </object_component>
      <object_component id="oc-7b">
         <name>.text</name>
         <load_address>0x920c</load_address>
         <run_address>0x920c</run_address>
         <size>0xc8</size>
         <input_file_ref idref="fl-d"/>
      </object_component>
      <object_component id="oc-1ac">
         <name>.text</name>
         <load_address>0x92d4</load_address>
         <run_address>0x92d4</run_address>
         <size>0xc0</size>
         <input_file_ref idref="fl-7"/>
      </object_component>
      <object_component id="oc-1fa">
         <name>.text:CS_startHFXTWithTimeout</name>
         <load_address>0x9394</load_address>
         <run_address>0x9394</run_address>
         <size>0x9c</size>
         <input_file_ref idref="fl-f8"/>
      </object_component>
      <object_component id="oc-3b">
         <name>.text</name>
         <load_address>0x9430</load_address>
         <run_address>0x9430</run_address>
         <size>0x9c</size>
         <input_file_ref idref="fl-db"/>
      </object_component>
      <object_component id="oc-289">
         <name>.text:SPI_initMaster</name>
         <load_address>0x94cc</load_address>
         <run_address>0x94cc</run_address>
         <size>0x88</size>
         <input_file_ref idref="fl-fb"/>
      </object_component>
      <object_component id="oc-2bd">
         <name>.text:__aeabi_cdcmple</name>
         <load_address>0x9554</load_address>
         <run_address>0x9554</run_address>
         <size>0x86</size>
         <input_file_ref idref="fl-d2"/>
      </object_component>
      <object_component id="oc-2b8">
         <name>.text:__aeabi_cdrcmple</name>
         <load_address>0x95da</load_address>
         <run_address>0x95da</run_address>
         <size>0x86</size>
         <input_file_ref idref="fl-d2"/>
      </object_component>
      <object_component id="oc-47">
         <name>.text</name>
         <load_address>0x9660</load_address>
         <run_address>0x9660</run_address>
         <size>0x7a</size>
         <input_file_ref idref="fl-dc"/>
      </object_component>
      <object_component id="oc-308">
         <name>.text:_CSGetHFXTFrequency</name>
         <load_address>0x96dc</load_address>
         <run_address>0x96dc</run_address>
         <size>0x70</size>
         <input_file_ref idref="fl-f8"/>
      </object_component>
      <object_component id="oc-5f">
         <name>.text</name>
         <load_address>0x974c</load_address>
         <run_address>0x974c</run_address>
         <size>0x70</size>
         <input_file_ref idref="fl-ea"/>
      </object_component>
      <object_component id="oc-ec">
         <name>.text</name>
         <load_address>0x97bc</load_address>
         <run_address>0x97bc</run_address>
         <size>0x70</size>
         <input_file_ref idref="fl-df"/>
      </object_component>
      <object_component id="oc-181">
         <name>.text</name>
         <load_address>0x982c</load_address>
         <run_address>0x982c</run_address>
         <size>0x6e</size>
         <input_file_ref idref="fl-d6"/>
      </object_component>
      <object_component id="oc-14">
         <name>.text:decompress:lzss</name>
         <load_address>0x989a</load_address>
         <run_address>0x989a</run_address>
         <size>0x68</size>
         <input_file_ref idref="fl-cd"/>
      </object_component>
      <object_component id="oc-137">
         <name>.text:Interrupt_enableInterrupt</name>
         <load_address>0x9904</load_address>
         <run_address>0x9904</run_address>
         <size>0x64</size>
         <input_file_ref idref="fl-fa"/>
      </object_component>
      <object_component id="oc-22f">
         <name>.text</name>
         <load_address>0x9968</load_address>
         <run_address>0x9968</run_address>
         <size>0x64</size>
         <input_file_ref idref="fl-9"/>
      </object_component>
      <object_component id="oc-34f">
         <name>.text</name>
         <load_address>0x99cc</load_address>
         <run_address>0x99cc</run_address>
         <size>0x64</size>
         <input_file_ref idref="fl-f1"/>
      </object_component>
      <object_component id="oc-f2">
         <name>.text</name>
         <load_address>0x9a30</load_address>
         <run_address>0x9a30</run_address>
         <size>0x60</size>
         <input_file_ref idref="fl-e0"/>
      </object_component>
      <object_component id="oc-349">
         <name>.text</name>
         <load_address>0x9a90</load_address>
         <run_address>0x9a90</run_address>
         <size>0x56</size>
         <input_file_ref idref="fl-ef"/>
      </object_component>
      <object_component id="oc-26">
         <name>.text</name>
         <load_address>0x9ae8</load_address>
         <run_address>0x9ae8</run_address>
         <size>0x54</size>
         <input_file_ref idref="fl-cc"/>
      </object_component>
      <object_component id="oc-6b">
         <name>.text</name>
         <load_address>0x9b3c</load_address>
         <run_address>0x9b3c</run_address>
         <size>0x54</size>
         <input_file_ref idref="fl-d0"/>
      </object_component>
      <object_component id="oc-361">
         <name>.text</name>
         <load_address>0x9b90</load_address>
         <run_address>0x9b90</run_address>
         <size>0x4c</size>
         <input_file_ref idref="fl-e9"/>
      </object_component>
      <object_component id="oc-ae">
         <name>.text</name>
         <load_address>0x9bdc</load_address>
         <run_address>0x9bdc</run_address>
         <size>0x4c</size>
         <input_file_ref idref="fl-eb"/>
      </object_component>
      <object_component id="oc-283">
         <name>.text:GPIO_setAsPeripheralModuleFunctionInputPin</name>
         <load_address>0x9c28</load_address>
         <run_address>0x9c28</run_address>
         <size>0x48</size>
         <input_file_ref idref="fl-f9"/>
      </object_component>
      <object_component id="oc-2b3">
         <name>.text</name>
         <load_address>0x9c70</load_address>
         <run_address>0x9c70</run_address>
         <size>0x48</size>
         <input_file_ref idref="fl-d5"/>
      </object_component>
      <object_component id="oc-186">
         <name>.text</name>
         <load_address>0x9cb8</load_address>
         <run_address>0x9cb8</run_address>
         <size>0x38</size>
         <input_file_ref idref="fl-d7"/>
      </object_component>
      <object_component id="oc-315">
         <name>.text:is_A_Module</name>
         <load_address>0x9cf0</load_address>
         <run_address>0x9cf0</run_address>
         <size>0x30</size>
         <input_file_ref idref="fl-fb"/>
      </object_component>
      <object_component id="oc-2ae">
         <name>.text</name>
         <load_address>0x9d20</load_address>
         <run_address>0x9d20</run_address>
         <size>0x2e</size>
         <input_file_ref idref="fl-d8"/>
      </object_component>
      <object_component id="oc-12b">
         <name>.text:GPIO_setAsOutputPin</name>
         <load_address>0x9d50</load_address>
         <run_address>0x9d50</run_address>
         <size>0x24</size>
         <input_file_ref idref="fl-f9"/>
      </object_component>
      <object_component id="oc-104">
         <name>.text:UART_transmitData</name>
         <load_address>0x9d74</load_address>
         <run_address>0x9d74</run_address>
         <size>0x24</size>
         <input_file_ref idref="fl-fd"/>
      </object_component>
      <object_component id="oc-201">
         <name>.text:SPI_transmitData</name>
         <load_address>0x9d98</load_address>
         <run_address>0x9d98</run_address>
         <size>0x20</size>
         <input_file_ref idref="fl-fb"/>
      </object_component>
      <object_component id="oc-172">
         <name>.text</name>
         <load_address>0x9db8</load_address>
         <run_address>0x9db8</run_address>
         <size>0x20</size>
         <input_file_ref idref="fl-e5"/>
      </object_component>
      <object_component id="oc-367">
         <name>.text</name>
         <load_address>0x9dd8</load_address>
         <run_address>0x9dd8</run_address>
         <size>0x1c</size>
         <input_file_ref idref="fl-f0"/>
      </object_component>
      <object_component id="oc-28f">
         <name>.text:SPI_enableModule</name>
         <load_address>0x9df4</load_address>
         <run_address>0x9df4</run_address>
         <size>0x1a</size>
         <input_file_ref idref="fl-fb"/>
      </object_component>
      <object_component id="oc-207">
         <name>.text:SPI_receiveData</name>
         <load_address>0x9e0e</load_address>
         <run_address>0x9e0e</run_address>
         <size>0x1a</size>
         <input_file_ref idref="fl-fb"/>
      </object_component>
      <object_component id="oc-10a">
         <name>.text:GPIO_setOutputLowOnPin</name>
         <load_address>0x9e28</load_address>
         <run_address>0x9e28</run_address>
         <size>0x18</size>
         <input_file_ref idref="fl-f9"/>
      </object_component>
      <object_component id="oc-65">
         <name>.text</name>
         <load_address>0x9e40</load_address>
         <run_address>0x9e40</run_address>
         <size>0x18</size>
         <input_file_ref idref="fl-e8"/>
      </object_component>
      <object_component id="oc-2c2">
         <name>.text</name>
         <load_address>0x9e58</load_address>
         <run_address>0x9e58</run_address>
         <size>0x18</size>
         <input_file_ref idref="fl-da"/>
      </object_component>
      <object_component id="oc-131">
         <name>.text:UART_enableInterrupt</name>
         <load_address>0x9e70</load_address>
         <run_address>0x9e70</run_address>
         <size>0x16</size>
         <input_file_ref idref="fl-fd"/>
      </object_component>
      <object_component id="oc-35b">
         <name>.text</name>
         <load_address>0x9e86</load_address>
         <run_address>0x9e86</run_address>
         <size>0x16</size>
         <input_file_ref idref="fl-f4"/>
      </object_component>
      <object_component id="oc-d0">
         <name>.text:CS_setExternalClockSourceFrequency</name>
         <load_address>0x9e9c</load_address>
         <run_address>0x9e9c</run_address>
         <size>0x14</size>
         <input_file_ref idref="fl-f8"/>
      </object_component>
      <object_component id="oc-fe">
         <name>.text:GPIO_setOutputHighOnPin</name>
         <load_address>0x9eb0</load_address>
         <run_address>0x9eb0</run_address>
         <size>0x14</size>
         <input_file_ref idref="fl-f9"/>
      </object_component>
      <object_component id="oc-1e5">
         <name>.text</name>
         <load_address>0x9ec4</load_address>
         <run_address>0x9ec4</run_address>
         <size>0x14</size>
         <input_file_ref idref="fl-e6"/>
      </object_component>
      <object_component id="oc-3ed">
         <name>.text</name>
         <load_address>0x9ed8</load_address>
         <run_address>0x9ed8</run_address>
         <size>0x14</size>
         <input_file_ref idref="fl-f7"/>
      </object_component>
      <object_component id="oc-199">
         <name>.text</name>
         <load_address>0x9eec</load_address>
         <run_address>0x9eec</run_address>
         <size>0x14</size>
         <input_file_ref idref="fl-e3"/>
      </object_component>
      <object_component id="oc-33c">
         <name>.text</name>
         <load_address>0x9f00</load_address>
         <run_address>0x9f00</run_address>
         <size>0x14</size>
         <input_file_ref idref="fl-e4"/>
      </object_component>
      <object_component id="oc-302">
         <name>.text:SysCtl_disableNMISource</name>
         <load_address>0x9f14</load_address>
         <run_address>0x9f14</run_address>
         <size>0x10</size>
         <input_file_ref idref="fl-fc"/>
      </object_component>
      <object_component id="oc-30e">
         <name>.text:SysCtl_enableNMISource</name>
         <load_address>0x9f24</load_address>
         <run_address>0x9f24</run_address>
         <size>0x10</size>
         <input_file_ref idref="fl-fc"/>
      </object_component>
      <object_component id="oc-1b8">
         <name>.text:_msprf24_crc_mask</name>
         <load_address>0x9f34</load_address>
         <run_address>0x9f34</run_address>
         <size>0x10</size>
         <input_file_ref idref="fl-8"/>
      </object_component>
      <object_component id="oc-1a">
         <name>.text:decompress:none</name>
         <load_address>0x9f44</load_address>
         <run_address>0x9f44</run_address>
         <size>0xe</size>
         <input_file_ref idref="fl-ce"/>
      </object_component>
      <object_component id="oc-75">
         <name>.text</name>
         <load_address>0x9f52</load_address>
         <run_address>0x9f52</run_address>
         <size>0xe</size>
         <input_file_ref idref="fl-c"/>
      </object_component>
      <object_component id="oc-3a3">
         <name>.text:EUSCI_A_SPI_enable</name>
         <load_address>0x9f60</load_address>
         <run_address>0x9f60</run_address>
         <size>0xc</size>
         <input_file_ref idref="fl-fb"/>
      </object_component>
      <object_component id="oc-39d">
         <name>.text:EUSCI_B_SPI_enable</name>
         <load_address>0x9f6c</load_address>
         <run_address>0x9f6c</run_address>
         <size>0xc</size>
         <input_file_ref idref="fl-fb"/>
      </object_component>
      <object_component id="oc-2fc">
         <name>.text:SysCtl_getNMISourceStatus</name>
         <load_address>0x9f78</load_address>
         <run_address>0x9f78</run_address>
         <size>0xc</size>
         <input_file_ref idref="fl-fc"/>
      </object_component>
      <object_component id="oc-20">
         <name>.text:decompress:ZI</name>
         <load_address>0x9f84</load_address>
         <run_address>0x9f84</run_address>
         <size>0xc</size>
         <input_file_ref idref="fl-cf"/>
      </object_component>
      <object_component id="oc-d6">
         <name>.text:CS_startHFXT</name>
         <load_address>0x9f90</load_address>
         <run_address>0x9f90</run_address>
         <size>0x6</size>
         <input_file_ref idref="fl-f8"/>
      </object_component>
      <object_component id="oc-329">
         <name>.text:EUSCI_A_SPI_receiveData</name>
         <load_address>0x9f96</load_address>
         <run_address>0x9f96</run_address>
         <size>0x6</size>
         <input_file_ref idref="fl-fb"/>
      </object_component>
      <object_component id="oc-32f">
         <name>.text:EUSCI_B_SPI_receiveData</name>
         <load_address>0x9f9c</load_address>
         <run_address>0x9f9c</run_address>
         <size>0x6</size>
         <input_file_ref idref="fl-fb"/>
      </object_component>
      <object_component id="oc-321">
         <name>.text:EUSCI_A_SPI_transmitData</name>
         <load_address>0x9fa2</load_address>
         <run_address>0x9fa2</run_address>
         <size>0x4</size>
         <input_file_ref idref="fl-fb"/>
      </object_component>
      <object_component id="oc-31b">
         <name>.text:EUSCI_B_SPI_transmitData</name>
         <load_address>0x9fa6</load_address>
         <run_address>0x9fa6</run_address>
         <size>0x4</size>
         <input_file_ref idref="fl-fb"/>
      </object_component>
      <object_component id="oc-1bf">
         <name>.text:_msprf24_irq_mask</name>
         <load_address>0x9faa</load_address>
         <run_address>0x9faa</run_address>
         <size>0x4</size>
         <input_file_ref idref="fl-8"/>
      </object_component>
      <object_component id="oc-59">
         <name>.text</name>
         <load_address>0x9fae</load_address>
         <run_address>0x9fae</run_address>
         <size>0x4</size>
         <input_file_ref idref="fl-de"/>
      </object_component>
      <object_component id="oc-257">
         <name>.const:.string</name>
         <load_address>0x9fb4</load_address>
         <run_address>0x9fb4</run_address>
         <size>0x13a</size>
         <input_file_ref idref="fl-6"/>
      </object_component>
      <object_component id="oc-3fa">
         <name>.const:.string:_ctypes_</name>
         <load_address>0xa0ee</load_address>
         <run_address>0xa0ee</run_address>
         <size>0x101</size>
         <input_file_ref idref="fl-ec"/>
      </object_component>
      <object_component id="oc-27e">
         <name>.const</name>
         <load_address>0xa1f0</load_address>
         <run_address>0xa1f0</run_address>
         <size>0x40</size>
         <input_file_ref idref="fl-fa"/>
      </object_component>
      <object_component id="oc-14c">
         <name>.const:uartConfig</name>
         <load_address>0xa230</load_address>
         <run_address>0xa230</run_address>
         <size>0x24</size>
         <input_file_ref idref="fl-6"/>
      </object_component>
      <object_component id="oc-2d8">
         <name>.const:$P$T0$1</name>
         <load_address>0xa254</load_address>
         <run_address>0xa254</run_address>
         <size>0x1c</size>
         <input_file_ref idref="fl-7"/>
      </object_component>
      <object_component id="oc-14f">
         <name>.const:currentTime</name>
         <load_address>0xa270</load_address>
         <run_address>0xa270</run_address>
         <size>0x1c</size>
         <input_file_ref idref="fl-6"/>
      </object_component>
      <object_component id="oc-295">
         <name>.const:spiMasterConfig</name>
         <load_address>0xa28c</load_address>
         <run_address>0xa28c</run_address>
         <size>0x1c</size>
         <input_file_ref idref="fl-b"/>
      </object_component>
      <object_component id="oc-44c">
         <name>.cinit..data.load</name>
         <load_address>0xa2a8</load_address>
         <run_address>0xa2a8</run_address>
         <size>0xd6</size>
      </object_component>
      <object_component id="oc-44a">
         <name>__TI_handler_table</name>
         <load_address>0xa380</load_address>
         <run_address>0xa380</run_address>
         <size>0xc</size>
      </object_component>
      <object_component id="oc-44d">
         <name>.cinit..bss.load</name>
         <load_address>0xa390</load_address>
         <run_address>0xa390</run_address>
         <size>0x8</size>
      </object_component>
      <object_component id="oc-44b">
         <name>__TI_cinit_table</name>
         <load_address>0xa398</load_address>
         <run_address>0xa398</run_address>
         <size>0x10</size>
      </object_component>
      <object_component id="oc-427">
         <name>.binit</name>
         <load_address>0x0</load_address>
         <run_address>0x0</run_address>
         <size>0x0</size>
      </object_component>
      <object_component id="oc-110">
         <name>.data:g_psFResultStrings</name>
         <load_address>0x20000734</load_address>
         <run_address>0x20000734</run_address>
         <size>0xa0</size>
         <input_file_ref idref="fl-6"/>
      </object_component>
      <object_component id="oc-119">
         <name>.data</name>
         <load_address>0x20000804</load_address>
         <run_address>0x20000804</run_address>
         <size>0x20</size>
         <input_file_ref idref="fl-6"/>
      </object_component>
      <object_component id="oc-e8">
         <name>.data</name>
         <load_address>0x20000840</load_address>
         <run_address>0x20000840</run_address>
         <size>0x4</size>
         <input_file_ref idref="fl-d"/>
      </object_component>
      <object_component id="oc-1f1">
         <name>.data</name>
         <load_address>0x20000844</load_address>
         <run_address>0x20000844</run_address>
         <size>0x4</size>
         <input_file_ref idref="fl-e"/>
      </object_component>
      <object_component id="oc-210">
         <name>.data</name>
         <load_address>0x20000848</load_address>
         <run_address>0x20000848</run_address>
         <size>0x2</size>
         <input_file_ref idref="fl-f"/>
      </object_component>
      <object_component id="oc-be">
         <name>.data:$O1$$</name>
         <load_address>0x20000824</load_address>
         <run_address>0x20000824</run_address>
         <size>0xc</size>
         <input_file_ref idref="fl-d0"/>
      </object_component>
      <object_component id="oc-71">
         <name>.data</name>
         <load_address>0x2000083c</load_address>
         <run_address>0x2000083c</run_address>
         <size>0x4</size>
         <input_file_ref idref="fl-e1"/>
      </object_component>
      <object_component id="oc-c1">
         <name>.data:$O1$$</name>
         <load_address>0x20000830</load_address>
         <run_address>0x20000830</run_address>
         <size>0x8</size>
         <input_file_ref idref="fl-e6"/>
      </object_component>
      <object_component id="oc-23b">
         <name>.data:_ftable</name>
         <load_address>0x20000644</load_address>
         <run_address>0x20000644</run_address>
         <size>0xf0</size>
         <input_file_ref idref="fl-ed"/>
      </object_component>
      <object_component id="oc-3f3">
         <name>.data</name>
         <load_address>0x20000838</load_address>
         <run_address>0x20000838</run_address>
         <size>0x4</size>
         <input_file_ref idref="fl-f6"/>
      </object_component>
      <object_component id="oc-24f">
         <name>.data:GPIO_PORT_TO_BASE</name>
         <load_address>0x200007d4</load_address>
         <run_address>0x200007d4</run_address>
         <size>0x30</size>
         <input_file_ref idref="fl-f9"/>
      </object_component>
      <object_component id="oc-2ab">
         <name>.bss</name>
         <uninitialized>true</uninitialized>
         <run_address>0x20000600</run_address>
         <size>0x4</size>
         <input_file_ref idref="fl-3"/>
      </object_component>
      <object_component id="oc-1a2">
         <name>.bss</name>
         <uninitialized>true</uninitialized>
         <run_address>0x200005cc</run_address>
         <size>0xc</size>
         <input_file_ref idref="fl-4"/>
      </object_component>
      <object_component id="oc-152">
         <name>.bss:fts</name>
         <uninitialized>true</uninitialized>
         <run_address>0x20000000</run_address>
         <size>0x234</size>
         <input_file_ref idref="fl-6"/>
      </object_component>
      <object_component id="oc-123">
         <name>.bss:fil</name>
         <uninitialized>true</uninitialized>
         <run_address>0x20000234</run_address>
         <size>0x224</size>
         <input_file_ref idref="fl-6"/>
      </object_component>
      <object_component id="oc-120">
         <name>.bss</name>
         <uninitialized>true</uninitialized>
         <run_address>0x20000637</run_address>
         <size>0x1</size>
         <input_file_ref idref="fl-6"/>
      </object_component>
      <object_component id="oc-113">
         <name>.bss:newTime</name>
         <uninitialized>true</uninitialized>
         <run_address>0x200005a0</run_address>
         <size>0x1c</size>
         <input_file_ref idref="fl-6"/>
      </object_component>
      <object_component id="oc-128">
         <name>.bss:myTime</name>
         <uninitialized>true</uninitialized>
         <run_address>0x20000584</run_address>
         <size>0x1c</size>
         <input_file_ref idref="fl-6"/>
      </object_component>
      <object_component id="oc-116">
         <name>.bss:dateAndTimeWrite</name>
         <uninitialized>true</uninitialized>
         <run_address>0x20000568</run_address>
         <size>0x1c</size>
         <input_file_ref idref="fl-6"/>
      </object_component>
      <object_component id="oc-20d">
         <name>.bss</name>
         <uninitialized>true</uninitialized>
         <run_address>0x20000634</run_address>
         <size>0x3</size>
         <input_file_ref idref="fl-f"/>
      </object_component>
      <object_component id="oc-247">
         <name>.bss:FatFs</name>
         <uninitialized>true</uninitialized>
         <run_address>0x200005fc</run_address>
         <size>0x4</size>
         <input_file_ref idref="fl-10"/>
      </object_component>
      <object_component id="oc-24a">
         <name>.bss</name>
         <uninitialized>true</uninitialized>
         <run_address>0x20000638</run_address>
         <size>0x2</size>
         <input_file_ref idref="fl-10"/>
      </object_component>
      <object_component id="oc-2a0">
         <name>.common:receiveBufferRF</name>
         <uninitialized>true</uninitialized>
         <run_address>0x20000544</run_address>
         <size>0x24</size>
      </object_component>
      <object_component id="oc-149">
         <name>.common:user</name>
         <uninitialized>true</uninitialized>
         <run_address>0x20000624</run_address>
         <size>0x4</size>
      </object_component>
      <object_component id="oc-e7">
         <name>.common:intervalCnt</name>
         <uninitialized>true</uninitialized>
         <run_address>0x20000610</run_address>
         <size>0x4</size>
      </object_component>
      <object_component id="oc-196">
         <name>.common:com_rslt</name>
         <uninitialized>true</uninitialized>
         <run_address>0x20000608</run_address>
         <size>0x4</size>
      </object_component>
      <object_component id="oc-e2">
         <name>.common:ms_timeout</name>
         <uninitialized>true</uninitialized>
         <run_address>0x2000063a</run_address>
         <size>0x1</size>
      </object_component>
      <object_component id="oc-195">
         <name>.common:regData</name>
         <uninitialized>true</uninitialized>
         <run_address>0x200005bc</run_address>
         <size>0x10</size>
      </object_component>
      <object_component id="oc-171">
         <name>.common:bme280</name>
         <uninitialized>true</uninitialized>
         <run_address>0x20000458</run_address>
         <size>0x3c</size>
      </object_component>
      <object_component id="oc-194">
         <name>.common:p_bme280</name>
         <uninitialized>true</uninitialized>
         <run_address>0x20000618</run_address>
         <size>0x4</size>
      </object_component>
      <object_component id="oc-1a1">
         <name>.common:LightCode</name>
         <uninitialized>true</uninitialized>
         <run_address>0x20000604</run_address>
         <size>0x4</size>
      </object_component>
      <object_component id="oc-1a5">
         <name>.common:LightCondition</name>
         <uninitialized>true</uninitialized>
         <run_address>0x200005d8</run_address>
         <size>0xc</size>
      </object_component>
      <object_component id="oc-1a0">
         <name>.common:pressureCompensation</name>
         <uninitialized>true</uninitialized>
         <run_address>0x2000061c</run_address>
         <size>0x4</size>
      </object_component>
      <object_component id="oc-190">
         <name>.common:v_stand_by_time_u8</name>
         <uninitialized>true</uninitialized>
         <run_address>0x20000642</run_address>
         <size>0x1</size>
      </object_component>
      <object_component id="oc-191">
         <name>.common:v_data_uncomp_temp_s32</name>
         <uninitialized>true</uninitialized>
         <run_address>0x20000630</run_address>
         <size>0x4</size>
      </object_component>
      <object_component id="oc-192">
         <name>.common:v_data_uncomp_pres_s32</name>
         <uninitialized>true</uninitialized>
         <run_address>0x2000062c</run_address>
         <size>0x4</size>
      </object_component>
      <object_component id="oc-193">
         <name>.common:v_data_uncomp_hum_s32</name>
         <uninitialized>true</uninitialized>
         <run_address>0x20000628</run_address>
         <size>0x4</size>
      </object_component>
      <object_component id="oc-197">
         <name>.common:v_comp_temp_s32</name>
         <uninitialized>true</uninitialized>
         <run_address>0x200005f4</run_address>
         <size>0x8</size>
      </object_component>
      <object_component id="oc-198">
         <name>.common:v_comp_press_u32</name>
         <uninitialized>true</uninitialized>
         <run_address>0x200005ec</run_address>
         <size>0x8</size>
      </object_component>
      <object_component id="oc-19f">
         <name>.common:v_comp_humidity_u32</name>
         <uninitialized>true</uninitialized>
         <run_address>0x200005e4</run_address>
         <size>0x8</size>
      </object_component>
      <object_component id="oc-11c">
         <name>.common:data</name>
         <uninitialized>true</uninitialized>
         <run_address>0x20000494</run_address>
         <size>0x3c</size>
      </object_component>
      <object_component id="oc-11f">
         <name>.common:myStringToWrite</name>
         <uninitialized>true</uninitialized>
         <run_address>0x200004d0</run_address>
         <size>0x3c</size>
      </object_component>
      <object_component id="oc-126">
         <name>.common:receiveBytes</name>
         <uninitialized>true</uninitialized>
         <run_address>0x20000620</run_address>
         <size>0x4</size>
      </object_component>
      <object_component id="oc-127">
         <name>.common:receiveBuffer</name>
         <uninitialized>true</uninitialized>
         <run_address>0x2000050c</run_address>
         <size>0x38</size>
      </object_component>
      <object_component id="oc-1b6">
         <name>.common:rf_feature</name>
         <uninitialized>true</uninitialized>
         <run_address>0x2000063e</run_address>
         <size>0x1</size>
      </object_component>
      <object_component id="oc-29f">
         <name>.common:rf_crc</name>
         <uninitialized>true</uninitialized>
         <run_address>0x2000063d</run_address>
         <size>0x1</size>
      </object_component>
      <object_component id="oc-1b5">
         <name>.common:rf_addr_width</name>
         <uninitialized>true</uninitialized>
         <run_address>0x2000063b</run_address>
         <size>0x1</size>
      </object_component>
      <object_component id="oc-1c6">
         <name>.common:rf_speed_power</name>
         <uninitialized>true</uninitialized>
         <run_address>0x20000640</run_address>
         <size>0x1</size>
      </object_component>
      <object_component id="oc-1c7">
         <name>.common:rf_channel</name>
         <uninitialized>true</uninitialized>
         <run_address>0x2000063c</run_address>
         <size>0x1</size>
      </object_component>
      <object_component id="oc-1b2">
         <name>.common:rf_status</name>
         <uninitialized>true</uninitialized>
         <run_address>0x20000641</run_address>
         <size>0x1</size>
      </object_component>
      <object_component id="oc-1b7">
         <name>.common:rf_irq</name>
         <uninitialized>true</uninitialized>
         <run_address>0x2000063f</run_address>
         <size>0x1</size>
      </object_component>
      <object_component id="oc-1f8">
         <name>.common:hfxtFreq</name>
         <uninitialized>true</uninitialized>
         <run_address>0x2000060c</run_address>
         <size>0x4</size>
      </object_component>
      <object_component id="oc-1f5">
         <name>.common:lfxtFreq</name>
         <uninitialized>true</uninitialized>
         <run_address>0x20000614</run_address>
         <size>0x4</size>
      </object_component>
      <object_component id="oc-2f">
         <name>.stack</name>
         <uninitialized>true</uninitialized>
         <run_address>0x2000fe00</run_address>
         <size>0x0</size>
         <input_file_ref idref="fl-cc"/>
      </object_component>
      <object_component id="oc-44e">
         <name>.stack</name>
         <uninitialized>true</uninitialized>
         <run_address>0x2000fe00</run_address>
         <size>0x0</size>
      </object_component>
      <object_component id="oc-14a">
         <name>.debug_info</name>
         <load_address>0x0</load_address>
         <run_address>0x0</run_address>
         <size>0x836</size>
         <input_file_ref idref="fl-2"/>
      </object_component>
      <object_component id="oc-144">
         <name>.debug_info</name>
         <load_address>0x836</load_address>
         <run_address>0x836</run_address>
         <size>0x4e3</size>
         <input_file_ref idref="fl-2"/>
      </object_component>
      <object_component id="oc-226">
         <name>.debug_info</name>
         <load_address>0xd19</load_address>
         <run_address>0xd19</run_address>
         <size>0x103e</size>
         <input_file_ref idref="fl-2"/>
      </object_component>
      <object_component id="oc-221">
         <name>.debug_info</name>
         <load_address>0x1d57</load_address>
         <run_address>0x1d57</run_address>
         <size>0x37a3</size>
         <input_file_ref idref="fl-2"/>
      </object_component>
      <object_component id="oc-2f2">
         <name>.debug_info</name>
         <load_address>0x54fa</load_address>
         <run_address>0x54fa</run_address>
         <size>0x1b5</size>
         <input_file_ref idref="fl-2"/>
      </object_component>
      <object_component id="oc-267">
         <name>.debug_info</name>
         <load_address>0x56af</load_address>
         <run_address>0x56af</run_address>
         <size>0xc6</size>
         <input_file_ref idref="fl-2"/>
      </object_component>
      <object_component id="oc-36">
         <name>.debug_info</name>
         <load_address>0x5775</load_address>
         <run_address>0x5775</run_address>
         <size>0x84</size>
         <input_file_ref idref="fl-2"/>
      </object_component>
      <object_component id="oc-15b">
         <name>.debug_info</name>
         <load_address>0x57f9</load_address>
         <run_address>0x57f9</run_address>
         <size>0x18b</size>
         <input_file_ref idref="fl-2"/>
      </object_component>
      <object_component id="oc-3ae">
         <name>.debug_info</name>
         <load_address>0x5984</load_address>
         <run_address>0x5984</run_address>
         <size>0x131</size>
         <input_file_ref idref="fl-2"/>
      </object_component>
      <object_component id="oc-26c">
         <name>.debug_info</name>
         <load_address>0x5ab5</load_address>
         <run_address>0x5ab5</run_address>
         <size>0xee</size>
         <input_file_ref idref="fl-2"/>
      </object_component>
      <object_component id="oc-2cd">
         <name>.debug_info</name>
         <load_address>0x5ba3</load_address>
         <run_address>0x5ba3</run_address>
         <size>0x151</size>
         <input_file_ref idref="fl-3"/>
      </object_component>
      <object_component id="oc-2ac">
         <name>.debug_info</name>
         <load_address>0x5cf4</load_address>
         <run_address>0x5cf4</run_address>
         <size>0xcf</size>
         <input_file_ref idref="fl-3"/>
      </object_component>
      <object_component id="oc-16c">
         <name>.debug_info</name>
         <load_address>0x5dc3</load_address>
         <run_address>0x5dc3</run_address>
         <size>0x3fb7</size>
         <input_file_ref idref="fl-3"/>
      </object_component>
      <object_component id="oc-1a7">
         <name>.debug_info</name>
         <load_address>0x9d7a</load_address>
         <run_address>0x9d7a</run_address>
         <size>0x330</size>
         <input_file_ref idref="fl-3"/>
      </object_component>
      <object_component id="oc-e3">
         <name>.debug_info</name>
         <load_address>0xa0aa</load_address>
         <run_address>0xa0aa</run_address>
         <size>0xc2e</size>
         <input_file_ref idref="fl-4"/>
      </object_component>
      <object_component id="oc-1a3">
         <name>.debug_info</name>
         <load_address>0xacd8</load_address>
         <run_address>0xacd8</run_address>
         <size>0x127</size>
         <input_file_ref idref="fl-4"/>
      </object_component>
      <object_component id="oc-8a">
         <name>.debug_info</name>
         <load_address>0xadff</load_address>
         <run_address>0xadff</run_address>
         <size>0xc3f</size>
         <input_file_ref idref="fl-4"/>
      </object_component>
      <object_component id="oc-160">
         <name>.debug_info</name>
         <load_address>0xba3e</load_address>
         <run_address>0xba3e</run_address>
         <size>0x8b</size>
         <input_file_ref idref="fl-4"/>
      </object_component>
      <object_component id="oc-a5">
         <name>.debug_info</name>
         <load_address>0xbac9</load_address>
         <run_address>0xbac9</run_address>
         <size>0x2c</size>
         <input_file_ref idref="fl-4"/>
      </object_component>
      <object_component id="oc-240">
         <name>.debug_info</name>
         <load_address>0xbaf5</load_address>
         <run_address>0xbaf5</run_address>
         <size>0x4e</size>
         <input_file_ref idref="fl-4"/>
      </object_component>
      <object_component id="oc-168">
         <name>.debug_info</name>
         <load_address>0xbb43</load_address>
         <run_address>0xbb43</run_address>
         <size>0x51a</size>
         <input_file_ref idref="fl-5"/>
      </object_component>
      <object_component id="oc-11d">
         <name>.debug_info</name>
         <load_address>0xc05d</load_address>
         <run_address>0xc05d</run_address>
         <size>0x8fb</size>
         <input_file_ref idref="fl-6"/>
      </object_component>
      <object_component id="oc-153">
         <name>.debug_info</name>
         <load_address>0xc958</load_address>
         <run_address>0xc958</run_address>
         <size>0xc3</size>
         <input_file_ref idref="fl-6"/>
      </object_component>
      <object_component id="oc-124">
         <name>.debug_info</name>
         <load_address>0xca1b</load_address>
         <run_address>0xca1b</run_address>
         <size>0xc3</size>
         <input_file_ref idref="fl-6"/>
      </object_component>
      <object_component id="oc-121">
         <name>.debug_info</name>
         <load_address>0xcade</load_address>
         <run_address>0xcade</run_address>
         <size>0xcb</size>
         <input_file_ref idref="fl-6"/>
      </object_component>
      <object_component id="oc-150">
         <name>.debug_info</name>
         <load_address>0xcba9</load_address>
         <run_address>0xcba9</run_address>
         <size>0xd4</size>
         <input_file_ref idref="fl-6"/>
      </object_component>
      <object_component id="oc-111">
         <name>.debug_info</name>
         <load_address>0xcc7d</load_address>
         <run_address>0xcc7d</run_address>
         <size>0xe2</size>
         <input_file_ref idref="fl-6"/>
      </object_component>
      <object_component id="oc-11a">
         <name>.debug_info</name>
         <load_address>0xcd5f</load_address>
         <run_address>0xcd5f</run_address>
         <size>0x1e1</size>
         <input_file_ref idref="fl-6"/>
      </object_component>
      <object_component id="oc-114">
         <name>.debug_info</name>
         <load_address>0xcf40</load_address>
         <run_address>0xcf40</run_address>
         <size>0xcb</size>
         <input_file_ref idref="fl-6"/>
      </object_component>
      <object_component id="oc-129">
         <name>.debug_info</name>
         <load_address>0xd00b</load_address>
         <run_address>0xd00b</run_address>
         <size>0xc9</size>
         <input_file_ref idref="fl-6"/>
      </object_component>
      <object_component id="oc-117">
         <name>.debug_info</name>
         <load_address>0xd0d4</load_address>
         <run_address>0xd0d4</run_address>
         <size>0xdd</size>
         <input_file_ref idref="fl-6"/>
      </object_component>
      <object_component id="oc-14d">
         <name>.debug_info</name>
         <load_address>0xd1b1</load_address>
         <run_address>0xd1b1</run_address>
         <size>0xd2</size>
         <input_file_ref idref="fl-6"/>
      </object_component>
      <object_component id="oc-82">
         <name>.debug_info</name>
         <load_address>0xd283</load_address>
         <run_address>0xd283</run_address>
         <size>0x80a</size>
         <input_file_ref idref="fl-6"/>
      </object_component>
      <object_component id="oc-156">
         <name>.debug_info</name>
         <load_address>0xda8d</load_address>
         <run_address>0xda8d</run_address>
         <size>0x4c5</size>
         <input_file_ref idref="fl-6"/>
      </object_component>
      <object_component id="oc-214">
         <name>.debug_info</name>
         <load_address>0xdf52</load_address>
         <run_address>0xdf52</run_address>
         <size>0xe4</size>
         <input_file_ref idref="fl-6"/>
      </object_component>
      <object_component id="oc-21a">
         <name>.debug_info</name>
         <load_address>0xe036</load_address>
         <run_address>0xe036</run_address>
         <size>0x70</size>
         <input_file_ref idref="fl-6"/>
      </object_component>
      <object_component id="oc-262">
         <name>.debug_info</name>
         <load_address>0xe0a6</load_address>
         <run_address>0xe0a6</run_address>
         <size>0x5e</size>
         <input_file_ref idref="fl-6"/>
      </object_component>
      <object_component id="oc-271">
         <name>.debug_info</name>
         <load_address>0xe104</load_address>
         <run_address>0xe104</run_address>
         <size>0x2c</size>
         <input_file_ref idref="fl-6"/>
      </object_component>
      <object_component id="oc-2dc">
         <name>.debug_info</name>
         <load_address>0xe130</load_address>
         <run_address>0xe130</run_address>
         <size>0x476</size>
         <input_file_ref idref="fl-7"/>
      </object_component>
      <object_component id="oc-2d9">
         <name>.debug_info</name>
         <load_address>0xe5a6</load_address>
         <run_address>0xe5a6</run_address>
         <size>0xd1</size>
         <input_file_ref idref="fl-7"/>
      </object_component>
      <object_component id="oc-1ae">
         <name>.debug_info</name>
         <load_address>0xe677</load_address>
         <run_address>0xe677</run_address>
         <size>0x2bf</size>
         <input_file_ref idref="fl-7"/>
      </object_component>
      <object_component id="oc-3c9">
         <name>.debug_info</name>
         <load_address>0xe936</load_address>
         <run_address>0xe936</run_address>
         <size>0x37a3</size>
         <input_file_ref idref="fl-7"/>
      </object_component>
      <object_component id="oc-1b3">
         <name>.debug_info</name>
         <load_address>0x120d9</load_address>
         <run_address>0x120d9</run_address>
         <size>0x533</size>
         <input_file_ref idref="fl-8"/>
      </object_component>
      <object_component id="oc-1ba">
         <name>.debug_info</name>
         <load_address>0x1260c</load_address>
         <run_address>0x1260c</run_address>
         <size>0x11a</size>
         <input_file_ref idref="fl-8"/>
      </object_component>
      <object_component id="oc-1c1">
         <name>.debug_info</name>
         <load_address>0x12726</load_address>
         <run_address>0x12726</run_address>
         <size>0x11a</size>
         <input_file_ref idref="fl-8"/>
      </object_component>
      <object_component id="oc-90">
         <name>.debug_info</name>
         <load_address>0x12840</load_address>
         <run_address>0x12840</run_address>
         <size>0x1cba</size>
         <input_file_ref idref="fl-8"/>
      </object_component>
      <object_component id="oc-343">
         <name>.debug_info</name>
         <load_address>0x144fa</load_address>
         <run_address>0x144fa</run_address>
         <size>0x400</size>
         <input_file_ref idref="fl-9"/>
      </object_component>
      <object_component id="oc-233">
         <name>.debug_info</name>
         <load_address>0x148fa</load_address>
         <run_address>0x148fa</run_address>
         <size>0x1ee</size>
         <input_file_ref idref="fl-9"/>
      </object_component>
      <object_component id="oc-3de">
         <name>.debug_info</name>
         <load_address>0x14ae8</load_address>
         <run_address>0x14ae8</run_address>
         <size>0xc8</size>
         <input_file_ref idref="fl-9"/>
      </object_component>
      <object_component id="oc-29e">
         <name>.debug_info</name>
         <load_address>0x14bb0</load_address>
         <run_address>0x14bb0</run_address>
         <size>0x4f6</size>
         <input_file_ref idref="fl-b"/>
      </object_component>
      <object_component id="oc-296">
         <name>.debug_info</name>
         <load_address>0x150a6</load_address>
         <run_address>0x150a6</run_address>
         <size>0xe1</size>
         <input_file_ref idref="fl-b"/>
      </object_component>
      <object_component id="oc-13e">
         <name>.debug_info</name>
         <load_address>0x15187</load_address>
         <run_address>0x15187</run_address>
         <size>0x3a3</size>
         <input_file_ref idref="fl-b"/>
      </object_component>
      <object_component id="oc-299">
         <name>.debug_info</name>
         <load_address>0x1552a</load_address>
         <run_address>0x1552a</run_address>
         <size>0x2c</size>
         <input_file_ref idref="fl-b"/>
      </object_component>
      <object_component id="oc-95">
         <name>.debug_info</name>
         <load_address>0x15556</load_address>
         <run_address>0x15556</run_address>
         <size>0x119</size>
         <input_file_ref idref="fl-c"/>
      </object_component>
      <object_component id="oc-2d">
         <name>.debug_info</name>
         <load_address>0x1566f</load_address>
         <run_address>0x1566f</run_address>
         <size>0xf1</size>
         <input_file_ref idref="fl-c"/>
      </object_component>
      <object_component id="oc-77">
         <name>.debug_info</name>
         <load_address>0x15760</load_address>
         <run_address>0x15760</run_address>
         <size>0x1b8</size>
         <input_file_ref idref="fl-c"/>
      </object_component>
      <object_component id="oc-e5">
         <name>.debug_info</name>
         <load_address>0x15918</load_address>
         <run_address>0x15918</run_address>
         <size>0x81b</size>
         <input_file_ref idref="fl-d"/>
      </object_component>
      <object_component id="oc-e9">
         <name>.debug_info</name>
         <load_address>0x16133</load_address>
         <run_address>0x16133</run_address>
         <size>0xde</size>
         <input_file_ref idref="fl-d"/>
      </object_component>
      <object_component id="oc-7c">
         <name>.debug_info</name>
         <load_address>0x16211</load_address>
         <run_address>0x16211</run_address>
         <size>0x219</size>
         <input_file_ref idref="fl-d"/>
      </object_component>
      <object_component id="oc-1f2">
         <name>.debug_info</name>
         <load_address>0x1642a</load_address>
         <run_address>0x1642a</run_address>
         <size>0xea</size>
         <input_file_ref idref="fl-e"/>
      </object_component>
      <object_component id="oc-cd">
         <name>.debug_info</name>
         <load_address>0x16514</load_address>
         <run_address>0x16514</run_address>
         <size>0x25c</size>
         <input_file_ref idref="fl-e"/>
      </object_component>
      <object_component id="oc-219">
         <name>.debug_info</name>
         <load_address>0x16770</load_address>
         <run_address>0x16770</run_address>
         <size>0x4d9</size>
         <input_file_ref idref="fl-f"/>
      </object_component>
      <object_component id="oc-211">
         <name>.debug_info</name>
         <load_address>0x16c49</load_address>
         <run_address>0x16c49</run_address>
         <size>0x108</size>
         <input_file_ref idref="fl-f"/>
      </object_component>
      <object_component id="oc-20e">
         <name>.debug_info</name>
         <load_address>0x16d51</load_address>
         <run_address>0x16d51</run_address>
         <size>0x126</size>
         <input_file_ref idref="fl-f"/>
      </object_component>
      <object_component id="oc-dd">
         <name>.debug_info</name>
         <load_address>0x16e77</load_address>
         <run_address>0x16e77</run_address>
         <size>0x1780</size>
         <input_file_ref idref="fl-f"/>
      </object_component>
      <object_component id="oc-24e">
         <name>.debug_info</name>
         <load_address>0x185f7</load_address>
         <run_address>0x185f7</run_address>
         <size>0x2a7</size>
         <input_file_ref idref="fl-10"/>
      </object_component>
      <object_component id="oc-248">
         <name>.debug_info</name>
         <load_address>0x1889e</load_address>
         <run_address>0x1889e</run_address>
         <size>0xdb</size>
         <input_file_ref idref="fl-10"/>
      </object_component>
      <object_component id="oc-24b">
         <name>.debug_info</name>
         <load_address>0x18979</load_address>
         <run_address>0x18979</run_address>
         <size>0xd9</size>
         <input_file_ref idref="fl-10"/>
      </object_component>
      <object_component id="oc-f9">
         <name>.debug_info</name>
         <load_address>0x18a52</load_address>
         <run_address>0x18a52</run_address>
         <size>0x32be</size>
         <input_file_ref idref="fl-10"/>
      </object_component>
      <object_component id="oc-27">
         <name>.debug_info</name>
         <load_address>0x1bd10</load_address>
         <run_address>0x1bd10</run_address>
         <size>0x160</size>
         <input_file_ref idref="fl-cc"/>
      </object_component>
      <object_component id="oc-9b">
         <name>.debug_info</name>
         <load_address>0x1be70</load_address>
         <run_address>0x1be70</run_address>
         <size>0xf9</size>
         <input_file_ref idref="fl-cd"/>
      </object_component>
      <object_component id="oc-15">
         <name>.debug_info</name>
         <load_address>0x1bf69</load_address>
         <run_address>0x1bf69</run_address>
         <size>0x245</size>
         <input_file_ref idref="fl-cd"/>
      </object_component>
      <object_component id="oc-31">
         <name>.debug_info</name>
         <load_address>0x1c1ae</load_address>
         <run_address>0x1c1ae</run_address>
         <size>0x60</size>
         <input_file_ref idref="fl-cd"/>
      </object_component>
      <object_component id="oc-96">
         <name>.debug_info</name>
         <load_address>0x1c20e</load_address>
         <run_address>0x1c20e</run_address>
         <size>0x46</size>
         <input_file_ref idref="fl-cd"/>
      </object_component>
      <object_component id="oc-46">
         <name>.debug_info</name>
         <load_address>0x1c254</load_address>
         <run_address>0x1c254</run_address>
         <size>0x140</size>
         <input_file_ref idref="fl-ce"/>
      </object_component>
      <object_component id="oc-1b">
         <name>.debug_info</name>
         <load_address>0x1c394</load_address>
         <run_address>0x1c394</run_address>
         <size>0x1df</size>
         <input_file_ref idref="fl-ce"/>
      </object_component>
      <object_component id="oc-41">
         <name>.debug_info</name>
         <load_address>0x1c573</load_address>
         <run_address>0x1c573</run_address>
         <size>0x46</size>
         <input_file_ref idref="fl-ce"/>
      </object_component>
      <object_component id="oc-9d">
         <name>.debug_info</name>
         <load_address>0x1c5b9</load_address>
         <run_address>0x1c5b9</run_address>
         <size>0x2c</size>
         <input_file_ref idref="fl-ce"/>
      </object_component>
      <object_component id="oc-52">
         <name>.debug_info</name>
         <load_address>0x1c5e5</load_address>
         <run_address>0x1c5e5</run_address>
         <size>0x12f</size>
         <input_file_ref idref="fl-cf"/>
      </object_component>
      <object_component id="oc-22">
         <name>.debug_info</name>
         <load_address>0x1c714</load_address>
         <run_address>0x1c714</run_address>
         <size>0x1aa</size>
         <input_file_ref idref="fl-cf"/>
      </object_component>
      <object_component id="oc-4d">
         <name>.debug_info</name>
         <load_address>0x1c8be</load_address>
         <run_address>0x1c8be</run_address>
         <size>0x46</size>
         <input_file_ref idref="fl-cf"/>
      </object_component>
      <object_component id="oc-c5">
         <name>.debug_info</name>
         <load_address>0x1c904</load_address>
         <run_address>0x1c904</run_address>
         <size>0x234</size>
         <input_file_ref idref="fl-d0"/>
      </object_component>
      <object_component id="oc-bf">
         <name>.debug_info</name>
         <load_address>0x1cb38</load_address>
         <run_address>0x1cb38</run_address>
         <size>0x185</size>
         <input_file_ref idref="fl-d0"/>
      </object_component>
      <object_component id="oc-6e">
         <name>.debug_info</name>
         <load_address>0x1ccbd</load_address>
         <run_address>0x1ccbd</run_address>
         <size>0x214</size>
         <input_file_ref idref="fl-d0"/>
      </object_component>
      <object_component id="oc-18d">
         <name>.debug_info</name>
         <load_address>0x1ced1</load_address>
         <run_address>0x1ced1</run_address>
         <size>0x144</size>
         <input_file_ref idref="fl-d1"/>
      </object_component>
      <object_component id="oc-2be">
         <name>.debug_info</name>
         <load_address>0x1d015</load_address>
         <run_address>0x1d015</run_address>
         <size>0x120</size>
         <input_file_ref idref="fl-d2"/>
      </object_component>
      <object_component id="oc-2bb">
         <name>.debug_info</name>
         <load_address>0x1d135</load_address>
         <run_address>0x1d135</run_address>
         <size>0x122</size>
         <input_file_ref idref="fl-d2"/>
      </object_component>
      <object_component id="oc-17e">
         <name>.debug_info</name>
         <load_address>0x1d257</load_address>
         <run_address>0x1d257</run_address>
         <size>0x132</size>
         <input_file_ref idref="fl-d3"/>
      </object_component>
      <object_component id="oc-178">
         <name>.debug_info</name>
         <load_address>0x1d389</load_address>
         <run_address>0x1d389</run_address>
         <size>0x132</size>
         <input_file_ref idref="fl-d4"/>
      </object_component>
      <object_component id="oc-2b6">
         <name>.debug_info</name>
         <load_address>0x1d4bb</load_address>
         <run_address>0x1d4bb</run_address>
         <size>0x126</size>
         <input_file_ref idref="fl-d5"/>
      </object_component>
      <object_component id="oc-184">
         <name>.debug_info</name>
         <load_address>0x1d5e1</load_address>
         <run_address>0x1d5e1</run_address>
         <size>0x136</size>
         <input_file_ref idref="fl-d6"/>
      </object_component>
      <object_component id="oc-187">
         <name>.debug_info</name>
         <load_address>0x1d717</load_address>
         <run_address>0x1d717</run_address>
         <size>0x124</size>
         <input_file_ref idref="fl-d7"/>
      </object_component>
      <object_component id="oc-2af">
         <name>.debug_info</name>
         <load_address>0x1d83b</load_address>
         <run_address>0x1d83b</run_address>
         <size>0x124</size>
         <input_file_ref idref="fl-d8"/>
      </object_component>
      <object_component id="oc-2ca">
         <name>.debug_info</name>
         <load_address>0x1d95f</load_address>
         <run_address>0x1d95f</run_address>
         <size>0x13a</size>
         <input_file_ref idref="fl-d9"/>
      </object_component>
      <object_component id="oc-2c3">
         <name>.debug_info</name>
         <load_address>0x1da99</load_address>
         <run_address>0x1da99</run_address>
         <size>0x11a</size>
         <input_file_ref idref="fl-da"/>
      </object_component>
      <object_component id="oc-3c">
         <name>.debug_info</name>
         <load_address>0x1dbb3</load_address>
         <run_address>0x1dbb3</run_address>
         <size>0x111</size>
         <input_file_ref idref="fl-db"/>
      </object_component>
      <object_component id="oc-4a">
         <name>.debug_info</name>
         <load_address>0x1dcc4</load_address>
         <run_address>0x1dcc4</run_address>
         <size>0x13f</size>
         <input_file_ref idref="fl-dc"/>
      </object_component>
      <object_component id="oc-54">
         <name>.debug_info</name>
         <load_address>0x1de03</load_address>
         <run_address>0x1de03</run_address>
         <size>0x138</size>
         <input_file_ref idref="fl-dd"/>
      </object_component>
      <object_component id="oc-5a">
         <name>.debug_info</name>
         <load_address>0x1df3b</load_address>
         <run_address>0x1df3b</run_address>
         <size>0x148</size>
         <input_file_ref idref="fl-de"/>
      </object_component>
      <object_component id="oc-23f">
         <name>.debug_info</name>
         <load_address>0x1e083</load_address>
         <run_address>0x1e083</run_address>
         <size>0x22c</size>
         <input_file_ref idref="fl-df"/>
      </object_component>
      <object_component id="oc-ed">
         <name>.debug_info</name>
         <load_address>0x1e2af</load_address>
         <run_address>0x1e2af</run_address>
         <size>0x284</size>
         <input_file_ref idref="fl-df"/>
      </object_component>
      <object_component id="oc-384">
         <name>.debug_info</name>
         <load_address>0x1e533</load_address>
         <run_address>0x1e533</run_address>
         <size>0xae</size>
         <input_file_ref idref="fl-df"/>
      </object_component>
      <object_component id="oc-246">
         <name>.debug_info</name>
         <load_address>0x1e5e1</load_address>
         <run_address>0x1e5e1</run_address>
         <size>0x1bb</size>
         <input_file_ref idref="fl-e0"/>
      </object_component>
      <object_component id="oc-f5">
         <name>.debug_info</name>
         <load_address>0x1e79c</load_address>
         <run_address>0x1e79c</run_address>
         <size>0x2e4</size>
         <input_file_ref idref="fl-e0"/>
      </object_component>
      <object_component id="oc-379">
         <name>.debug_info</name>
         <load_address>0x1ea80</load_address>
         <run_address>0x1ea80</run_address>
         <size>0x2c</size>
         <input_file_ref idref="fl-e0"/>
      </object_component>
      <object_component id="oc-72">
         <name>.debug_info</name>
         <load_address>0x1eaac</load_address>
         <run_address>0x1eaac</run_address>
         <size>0x109</size>
         <input_file_ref idref="fl-e1"/>
      </object_component>
      <object_component id="oc-2d5">
         <name>.debug_info</name>
         <load_address>0x1ebb5</load_address>
         <run_address>0x1ebb5</run_address>
         <size>0xf0</size>
         <input_file_ref idref="fl-e3"/>
      </object_component>
      <object_component id="oc-19a">
         <name>.debug_info</name>
         <load_address>0x1eca5</load_address>
         <run_address>0x1eca5</run_address>
         <size>0x231</size>
         <input_file_ref idref="fl-e3"/>
      </object_component>
[...]
         <value>0x9b3d</value>
         <object_component_ref idref="oc-6b"/>
      </symbol>
      <symbol id="sm-84c">
         <name>abort</name>
         <value>0x9b41</value>
         <object_component_ref idref="oc-6b"/>
      </symbol>
      <symbol id="sm-84d">
         <name>exit</name>
         <value>0x9b49</value>
         <object_component_ref idref="oc-6b"/>
      </symbol>
      <symbol id="sm-84e">
         <name>__TI_dtors_ptr</name>
         <value>0x20000828</value>
         <object_component_ref idref="oc-be"/>
      </symbol>
      <symbol id="sm-84f">
         <name>__TI_cleanup_ptr</name>
         <value>0x20000824</value>
         <object_component_ref idref="oc-be"/>
      </symbol>
      <symbol id="sm-850">
         <name>__TI_enable_exit_profile_output</name>
         <value>0x2000082c</value>
         <object_component_ref idref="oc-be"/>
      </symbol>
      <symbol id="sm-867">
         <name>__aeabi_dsub</name>
         <value>0x8c19</value>
         <object_component_ref idref="oc-18b"/>
      </symbol>
      <symbol id="sm-868">
         <name>__aeabi_dadd</name>
         <value>0x8c23</value>
         <object_component_ref idref="oc-18b"/>
      </symbol>
      <symbol id="sm-88a">
         <name>__aeabi_cdcmpeq</name>
         <value>0x9555</value>
         <object_component_ref idref="oc-2bd"/>
      </symbol>
      <symbol id="sm-88b">
         <name>__aeabi_cdcmple</name>
         <value>0x9555</value>
         <object_component_ref idref="oc-2bd"/>
      </symbol>
      <symbol id="sm-88c">
         <name>__aeabi_cdrcmple</name>
         <value>0x95db</value>
         <object_component_ref idref="oc-2b8"/>
      </symbol>
      <symbol id="sm-8a0">
         <name>__aeabi_ddiv</name>
         <value>0x8dcf</value>
         <object_component_ref idref="oc-17c"/>
      </symbol>
      <symbol id="sm-8ab">
         <name>__aeabi_dmul</name>
         <value>0x9015</value>
         <object_component_ref idref="oc-177"/>
      </symbol>
      <symbol id="sm-8b5">
         <name>__aeabi_d2iz</name>
         <value>0x9c71</value>
         <object_component_ref idref="oc-2b3"/>
      </symbol>
      <symbol id="sm-8c1">
         <name>__aeabi_d2f</name>
         <value>0x982d</value>
         <object_component_ref idref="oc-181"/>
      </symbol>
      <symbol id="sm-8cc">
         <name>__aeabi_f2d</name>
         <value>0x9cb9</value>
         <object_component_ref idref="oc-186"/>
      </symbol>
      <symbol id="sm-8d6">
         <name>__aeabi_i2d</name>
         <value>0x9d21</value>
         <object_component_ref idref="oc-2ae"/>
      </symbol>
      <symbol id="sm-8f5">
         <name>__aeabi_ldivmod</name>
         <value>0x8621</value>
         <object_component_ref idref="oc-2c7"/>
      </symbol>
      <symbol id="sm-8fe">
         <name>__aeabi_lmul</name>
         <value>0x9e59</value>
         <object_component_ref idref="oc-2c2"/>
      </symbol>
      <symbol id="sm-919">
         <name>memcpy</name>
         <value>0x9431</value>
         <object_component_ref idref="oc-3b"/>
      </symbol>
      <symbol id="sm-91a">
         <name>__aeabi_memcpy</name>
         <value>0x9431</value>
         <object_component_ref idref="oc-3b"/>
      </symbol>
      <symbol id="sm-91b">
         <name>__aeabi_memcpy8</name>
         <value>0x9431</value>
         <object_component_ref idref="oc-3b"/>
      </symbol>
      <symbol id="sm-91c">
         <name>__aeabi_memcpy4</name>
         <value>0x9431</value>
         <object_component_ref idref="oc-3b"/>
      </symbol>
      <symbol id="sm-92b">
         <name>__aeabi_memset</name>
         <value>0x9663</value>
         <object_component_ref idref="oc-47"/>
      </symbol>
      <symbol id="sm-92c">
         <name>memset</name>
         <value>0x9669</value>
         <object_component_ref idref="oc-47"/>
      </symbol>
      <symbol id="sm-92d">
         <name>__aeabi_memset8</name>
         <value>0x9663</value>
         <object_component_ref idref="oc-47"/>
      </symbol>
      <symbol id="sm-92e">
         <name>__aeabi_memset4</name>
         <value>0x9663</value>
         <object_component_ref idref="oc-47"/>
      </symbol>
      <symbol id="sm-92f">
         <name>__aeabi_memclr8</name>
         <value>0x9661</value>
         <object_component_ref idref="oc-47"/>
      </symbol>
      <symbol id="sm-930">
         <name>__aeabi_memclr4</name>
         <value>0x9661</value>
         <object_component_ref idref="oc-47"/>
      </symbol>
      <symbol id="sm-931">
         <name>__aeabi_memclr</name>
         <value>0x9661</value>
         <object_component_ref idref="oc-47"/>
      </symbol>
      <symbol id="sm-93b">
         <name>__mpu_init</name>
         <value>0x5acb</value>
         <object_component_ref idref="oc-53"/>
      </symbol>
      <symbol id="sm-945">
         <name>_system_pre_init</name>
         <value>0x9faf</value>
         <object_component_ref idref="oc-59"/>
      </symbol>
      <symbol id="sm-963">
         <name>printf</name>
         <value>0x97c5</value>
         <object_component_ref idref="oc-ec"/>
      </symbol>
      <symbol id="sm-97c">
         <name>sprintf</name>
         <value>0x9a31</value>
         <object_component_ref idref="oc-f2"/>
      </symbol>
      <symbol id="sm-984">
         <name>main_func_sp</name>
         <value>0x2000083c</value>
         <object_component_ref idref="oc-71"/>
      </symbol>
      <symbol id="sm-993">
         <name>strcpy</name>
         <value>0x9eed</value>
         <object_component_ref idref="oc-199"/>
      </symbol>
      <symbol id="sm-9a1">
         <name>strlen</name>
         <value>0x9f01</value>
         <object_component_ref idref="oc-33c"/>
      </symbol>
      <symbol id="sm-9ab">
         <name>__aeabi_ui2d</name>
         <value>0x9db9</value>
         <object_component_ref idref="oc-172"/>
      </symbol>
      <symbol id="sm-9c4">
         <name>_nop</name>
         <value>0x9ed3</value>
         <object_component_ref idref="oc-1e5"/>
      </symbol>
      <symbol id="sm-9c5">
         <name>_lock</name>
         <value>0x20000830</value>
         <object_component_ref idref="oc-c1"/>
      </symbol>
      <symbol id="sm-9c6">
         <name>_unlock</name>
         <value>0x20000834</value>
         <object_component_ref idref="oc-c1"/>
      </symbol>
      <symbol id="sm-9c7">
         <name>_register_lock</name>
         <value>0x9ecb</value>
         <object_component_ref idref="oc-1e5"/>
      </symbol>
      <symbol id="sm-9c8">
         <name>_register_unlock</name>
         <value>0x9ec5</value>
         <object_component_ref idref="oc-1e5"/>
      </symbol>
      <symbol id="sm-ac9">
         <name>__TI_printfi</name>
         <value>0x51d1</value>
         <object_component_ref idref="oc-235"/>
      </symbol>
      <symbol id="sm-add">
         <name>_args_main</name>
         <value>0x9e41</value>
         <object_component_ref idref="oc-65"/>
      </symbol>
      <symbol id="sm-af3">
         <name>atoi</name>
         <value>0x9b91</value>
         <object_component_ref idref="oc-361"/>
      </symbol>
      <symbol id="sm-b1d">
         <name>__TI_auto_init</name>
         <value>0x974d</value>
         <object_component_ref idref="oc-5f"/>
      </symbol>
      <symbol id="sm-b37">
         <name>copy_in</name>
         <value>0x9bdd</value>
         <object_component_ref idref="oc-ae"/>
      </symbol>
      <symbol id="sm-b42">
         <name>_ctypes_</name>
         <value>0xa0ee</value>
         <object_component_ref idref="oc-3fa"/>
      </symbol>
      <symbol id="sm-b4e">
         <name>_ftable</name>
         <value>0x20000644</value>
         <object_component_ref idref="oc-23b"/>
      </symbol>
      <symbol id="sm-b58">
         <name>__aeabi_ldiv0</name>
         <value>0x2af3</value>
         <object_component_ref idref="oc-3ba"/>
      </symbol>
      <symbol id="sm-b67">
         <name>ltoa</name>
         <value>0x9a91</value>
         <object_component_ref idref="oc-349"/>
      </symbol>
      <symbol id="sm-b77">
         <name>memccpy</name>
         <value>0x9dd9</value>
         <object_component_ref idref="oc-367"/>
      </symbol>
      <symbol id="sm-b92">
         <name>frexpl</name>
         <value>0x99cd</value>
         <object_component_ref idref="oc-34f"/>
      </symbol>
      <symbol id="sm-b93">
         <name>frexp</name>
         <value>0x99cd</value>
         <object_component_ref idref="oc-34f"/>
      </symbol>
      <symbol id="sm-bb0">
         <name>scalbn</name>
         <value>0x9111</value>
         <object_component_ref idref="oc-355"/>
      </symbol>
      <symbol id="sm-bb1">
         <name>scalbnl</name>
         <value>0x9111</value>
         <object_component_ref idref="oc-355"/>
      </symbol>
      <symbol id="sm-bb2">
         <name>ldexpl</name>
         <value>0x9111</value>
         <object_component_ref idref="oc-355"/>
      </symbol>
      <symbol id="sm-bb3">
         <name>ldexp</name>
         <value>0x9111</value>
         <object_component_ref idref="oc-355"/>
      </symbol>
      <symbol id="sm-bbd">
         <name>_system_post_cinit</name>
         <value>0x8a33</value>
         <object_component_ref idref="oc-b4"/>
      </symbol>
      <symbol id="sm-bcd">
         <name>strchr</name>
         <value>0x9e87</value>
         <object_component_ref idref="oc-35b"/>
      </symbol>
      <symbol id="sm-be9">
         <name>__aeabi_uldivmod</name>
         <value>0x883f</value>
         <object_component_ref idref="oc-344"/>
      </symbol>
      <symbol id="sm-bf1">
         <name>errno</name>
         <value>0x20000838</value>
         <object_component_ref idref="oc-3f3"/>
      </symbol>
      <symbol id="sm-bfb">
         <name>copysign</name>
         <value>0x9ed9</value>
         <object_component_ref idref="oc-3ed"/>
      </symbol>
      <symbol id="sm-bfc">
         <name>copysignl</name>
         <value>0x9ed9</value>
         <object_component_ref idref="oc-3ed"/>
      </symbol>
      <symbol id="sm-c41">
         <name>CS_startHFXT</name>
         <value>0x9f91</value>
         <object_component_ref idref="oc-d6"/>
      </symbol>
      <symbol id="sm-c42">
         <name>CS_setExternalClockSourceFrequency</name>
         <value>0x9e9d</value>
         <object_component_ref idref="oc-d0"/>
      </symbol>
      <symbol id="sm-c43">
         <name>CS_startHFXTWithTimeout</name>
         <value>0x9395</value>
         <object_component_ref idref="oc-1fa"/>
      </symbol>
      <symbol id="sm-c7c">
         <name>GPIO_setOutputHighOnPin</name>
         <value>0x9eb1</value>
         <object_component_ref idref="oc-fe"/>
      </symbol>
      <symbol id="sm-c7d">
         <name>GPIO_setAsOutputPin</name>
         <value>0x9d51</value>
         <object_component_ref idref="oc-12b"/>
      </symbol>
      <symbol id="sm-c7e">
         <name>GPIO_setOutputLowOnPin</name>
         <value>0x9e29</value>
         <object_component_ref idref="oc-10a"/>
      </symbol>
      <symbol id="sm-c7f">
         <name>GPIO_setAsPeripheralModuleFunctionInputPin</name>
         <value>0x9c29</value>
         <object_component_ref idref="oc-283"/>
      </symbol>
      <symbol id="sm-ca6">
         <name>Interrupt_enableInterrupt</name>
         <value>0x9905</value>
         <object_component_ref idref="oc-137"/>
      </symbol>
      <symbol id="sm-d0f">
         <name>EUSCI_B_SPI_receiveData</name>
         <value>0x9f9d</value>
         <object_component_ref idref="oc-32f"/>
      </symbol>
      <symbol id="sm-d10">
         <name>EUSCI_B_SPI_enable</name>
         <value>0x9f6d</value>
         <object_component_ref idref="oc-39d"/>
      </symbol>
      <symbol id="sm-d11">
         <name>SPI_enableModule</name>
         <value>0x9df5</value>
         <object_component_ref idref="oc-28f"/>
      </symbol>
      <symbol id="sm-d12">
         <name>EUSCI_A_SPI_receiveData</name>
         <value>0x9f97</value>
         <object_component_ref idref="oc-329"/>
      </symbol>
      <symbol id="sm-d13">
         <name>EUSCI_A_SPI_transmitData</name>
         <value>0x9fa3</value>
         <object_component_ref idref="oc-321"/>
      </symbol>
      <symbol id="sm-d14">
         <name>EUSCI_B_SPI_transmitData</name>
         <value>0x9fa7</value>
         <object_component_ref idref="oc-31b"/>
      </symbol>
      <symbol id="sm-d15">
         <name>SPI_transmitData</name>
         <value>0x9d99</value>
         <object_component_ref idref="oc-201"/>
      </symbol>
      <symbol id="sm-d16">
         <name>EUSCI_A_SPI_enable</name>
         <value>0x9f61</value>
         <object_component_ref idref="oc-3a3"/>
      </symbol>
      <symbol id="sm-d17">
         <name>SPI_receiveData</name>
         <value>0x9e0f</value>
         <object_component_ref idref="oc-207"/>
      </symbol>
      <symbol id="sm-d18">
         <name>SPI_initMaster</name>
         <value>0x94cd</value>
         <object_component_ref idref="oc-289"/>
      </symbol>
      <symbol id="sm-d3b">
         <name>SysCtl_getNMISourceStatus</name>
         <value>0x9f79</value>
         <object_component_ref idref="oc-2fc"/>
      </symbol>
      <symbol id="sm-d3c">
         <name>SysCtl_enableNMISource</name>
         <value>0x9f25</value>
         <object_component_ref idref="oc-30e"/>
      </symbol>
      <symbol id="sm-d3d">
         <name>SysCtl_disableNMISource</name>
         <value>0x9f15</value>
         <object_component_ref idref="oc-302"/>
      </symbol>
      <symbol id="sm-d56">
         <name>UART_enableInterrupt</name>
         <value>0x9e71</value>
         <object_component_ref idref="oc-131"/>
      </symbol>
      <symbol id="sm-d57">
         <name>UART_transmitData</name>
         <value>0x9d75</value>
         <object_component_ref idref="oc-104"/>
      </symbol>
      <symbol id="sm-d59">
         <name>__TI_static_base__</name>
         <value>0x0</value>
      </symbol>
      <symbol id="sm-d5c">
         <name>SHT$$INIT_ARRAY$$Limit</name>
         <value>0x0</value>
      </symbol>
      <symbol id="sm-d5d">
         <name>SHT$$INIT_ARRAY$$Base</name>
         <value>0x0</value>
      </symbol>
      <symbol id="sm-d5e">
         <name>NMI_Handler</name>
         <value>0x9f5f</value>
      </symbol>
      <symbol id="sm-d5f">
         <name>HardFault_Handler</name>
         <value>0x9f5f</value>
      </symbol>
      <symbol id="sm-d60">
         <name>MemManage_Handler</name>
         <value>0x9f5f</value>
      </symbol>
      <symbol id="sm-d61">
         <name>BusFault_Handler</name>
         <value>0x9f5f</value>
      </symbol>
      <symbol id="sm-d62">
         <name>UsageFault_Handler</name>
         <value>0x9f5f</value>
      </symbol>
      <symbol id="sm-d63">
         <name>SVC_Handler</name>
         <value>0x9f5f</value>
      </symbol>
      <symbol id="sm-d64">
         <name>DebugMon_Handler</name>
         <value>0x9f5f</value>
      </symbol>
      <symbol id="sm-d65">
         <name>PendSV_Handler</name>
         <value>0x9f5f</value>
      </symbol>
      <symbol id="sm-d66">
         <name>SysTick_Handler</name>
         <value>0x9289</value>
      </symbol>
      <symbol id="sm-d67">
         <name>PSS_IRQHandler</name>
         <value>0x9f5f</value>
      </symbol>
      <symbol id="sm-d68">
         <name>CS_IRQHandler</name>
         <value>0x9f5f</value>
      </symbol>
      <symbol id="sm-d69">
         <name>PCM_IRQHandler</name>
         <value>0x9f5f</value>
      </symbol>
      <symbol id="sm-d6a">
         <name>WDT_A_IRQHandler</name>
         <value>0x9f5f</value>
      </symbol>
      <symbol id="sm-d6b">
         <name>FPU_IRQHandler</name>
         <value>0x9f5f</value>
      </symbol>
      <symbol id="sm-d6c">
         <name>FLCTL_IRQHandler</name>
         <value>0x9f5f</value>
      </symbol>
      <symbol id="sm-d6d">
         <name>COMP_E0_IRQHandler</name>
         <value>0x9f5f</value>
      </symbol>
      <symbol id="sm-d6e">
         <name>COMP_E1_IRQHandler</name>
         <value>0x9f5f</value>
      </symbol>
      <symbol id="sm-d6f">
         <name>TA0_0_IRQHandler</name>
         <value>0x9f5f</value>
      </symbol>
      <symbol id="sm-d70">
         <name>TA0_N_IRQHandler</name>
         <value>0x9f5f</value>
      </symbol>
      <symbol id="sm-d71">
         <name>TA1_0_IRQHandler</name>
         <value>0x9f5f</value>
      </symbol>
      <symbol id="sm-d72">
         <name>TA1_N_IRQHandler</name>
         <value>0x9f5f</value>
      </symbol>
      <symbol id="sm-d73">
         <name>TA2_0_IRQHandler</name>
         <value>0x9f5f</value>
      </symbol>
      <symbol id="sm-d74">
         <name>TA2_N_IRQHandler</name>
         <value>0x9f5f</value>
      </symbol>
      <symbol id="sm-d75">
         <name>TA3_0_IRQHandler</name>
         <value>0x9f5f</value>
      </symbol>
      <symbol id="sm-d76">
         <name>TA3_N_IRQHandler</name>
         <value>0x9f5f</value>
      </symbol>
      <symbol id="sm-d77">
         <name>EUSCIA0_IRQHandler</name>
         <value>0x70bb</value>
      </symbol>
      <symbol id="sm-d78">
         <name>EUSCIA1_IRQHandler</name>
         <value>0x9f5f</value>
      </symbol>
      <symbol id="sm-d79">
         <name>EUSCIA2_IRQHandler</name>
         <value>0x9f5f</value>
      </symbol>
      <symbol id="sm-d7a">
         <name>EUSCIA3_IRQHandler</name>
         <value>0x9f5f</value>
      </symbol>
      <symbol id="sm-d7b">
         <name>EUSCIB0_IRQHandler</name>
         <value>0x9f5f</value>
      </symbol>
      <symbol id="sm-d7c">
         <name>EUSCIB1_IRQHandler</name>
         <value>0x9f5f</value>
      </symbol>
      <symbol id="sm-d7d">
         <name>EUSCIB2_IRQHandler</name>
         <value>0x9f5f</value>
      </symbol>
      <symbol id="sm-d7e">
         <name>EUSCIB3_IRQHandler</name>
         <value>0x9f5f</value>
      </symbol>
      <symbol id="sm-d7f">
         <name>ADC14_IRQHandler</name>
         <value>0x7cd5</value>
      </symbol>
      <symbol id="sm-d80">
         <name>T32_INT1_IRQHandler</name>
         <value>0x9f5f</value>
      </symbol>
      <symbol id="sm-d81">
         <name>T32_INT2_IRQHandler</name>
         <value>0x9f5f</value>
      </symbol>
      <symbol id="sm-d82">
         <name>T32_INTC_IRQHandler</name>
         <value>0x9f5f</value>
      </symbol>
      <symbol id="sm-d83">
         <name>AES256_IRQHandler</name>
         <value>0x9f5f</value>
      </symbol>
      <symbol id="sm-d84">
         <name>RTC_C_IRQHandler</name>
         <value>0x7241</value>
      </symbol>
      <symbol id="sm-d85">
         <name>DMA_ERR_IRQHandler</name>
         <value>0x9f5f</value>
      </symbol>
      <symbol id="sm-d86">
         <name>DMA_INT3_IRQHandler</name>
         <value>0x9f5f</value>
      </symbol>
      <symbol id="sm-d87">
         <name>DMA_INT2_IRQHandler</name>
         <value>0x9f5f</value>
      </symbol>
      <symbol id="sm-d88">
         <name>DMA_INT1_IRQHandler</name>
         <value>0x9f5f</value>
      </symbol>
      <symbol id="sm-d89">
         <name>DMA_INT0_IRQHandler</name>
         <value>0x9f5f</value>
      </symbol>
      <symbol id="sm-d8a">
         <name>PORT1_IRQHandler</name>
         <value>0x75ed</value>
      </symbol>
      <symbol id="sm-d8b">
         <name>PORT2_IRQHandler</name>
         <value>0x9f5f</value>
      </symbol>
      <symbol id="sm-d8c">
         <name>PORT3_IRQHandler</name>
         <value>0x9f5f</value>
      </symbol>
      <symbol id="sm-d8d">
         <name>PORT4_IRQHandler</name>
         <value>0x5fb3</value>
      </symbol>
      <symbol id="sm-d8e">
         <name>PORT5_IRQHandler</name>
         <value>0x9f5f</value>
      </symbol>
      <symbol id="sm-d8f">
         <name>PORT6_IRQHandler</name>
         <value>0x9f5f</value>
      </symbol>
   </symbol_table>
   <title>Link successful</title>
</link_info>
