******************************************************************************
                  TI ARM Linker PC v16.9.0                     
******************************************************************************
>> Linked Wed Apr 12 13:39:27 2017

OUTPUT FILE NAME:   <EGR536_Project1.out>
ENTRY POINT SYMBOL: "_c_int00"  address: 00009ae9


MEMORY CONFIGURATION

         name            origin    length      used     unused   attr    fill
----------------------  --------  ---------  --------  --------  ----  --------
  MAIN                  00000000   00040000  0000a3a6  00035c5a  R  X
  INFO                  00200000   00004000  00000000  00004000  R  X
  SRAM_CODE             01000000   00010000  00000a49  0000f5b7  RW X
  SRAM_DATA             20000000   00010000  00000a49  0000f5b7  RW  


SEGMENT ALLOCATION MAP

run origin  load origin   length   init length attrs members
----------  ----------- ---------- ----------- ----- -------
00000000    00000000    0000a3a8   0000a3a8    r-x
  00000000    00000000    000000e4   000000e4    r-- .intvecs
  000000e4    000000e4    00009ece   00009ece    r-x .text
  00009fb4    00009fb4    000002f4   000002f4    r-- .const
  0000a2a8    0000a2a8    00000100   00000100    r-- .cinit
20000000    20000000    0000084a   00000000    rw-
  20000000    20000000    00000643   00000000    rw- .bss
  20000644    20000644    00000206   00000000    rw- .data
2000fe00    2000fe00    00000200   00000000    rw-
  2000fe00    2000fe00    00000200   00000000    rw- .stack


SECTION ALLOCATION MAP

 output                                  attributes/
section   page    origin      length       input sections
--------  ----  ----------  ----------   ----------------
.intvecs   0    00000000    000000e4     
                  00000000    000000e4     startup_msp432p401r_ccs.obj (.intvecs:retain)

.binit     0    00000000    00000000     

.text      0    000000e4    00009ece     
                  000000e4    00002a0e     ff.obj (.text)
                  00002af2    00000002     rtsv7M4_T_le_v4SPD16_eabi.lib : l_div0.obj (.text)
                  00002af4    00001e9c     bme280.obj (.text)
                  00004990    0000113a     rtsv7M4_T_le_v4SPD16_eabi.lib : _printfi.obj (.text)
                  00005aca    00000002                                   : mpu_init.obj (.text)
                  00005acc    00000c5c     msprf24.obj (.text)
                  00006728    00000870     mmc-msp432P401r.obj (.text)
                  00006f98    000007e8     main.obj (.text)
                  00007780    000007c4     bme280nterfacing.obj (.text)
                  00007f44    000003b0     i2c.obj (.text)
                  000082f4    0000032c     system_msp432p401r.obj (.text)
                  00008620    0000021e     rtsv7M4_T_le_v4SPD16_eabi.lib : ll_div_t2.obj (.text)
                  0000883e    000001f4                                   : ull_div_t2.obj (.text)
                  00008a32    00000002                                   : startup.obj (.text)
                  00008a34    000001e4     Transmission.obj (.text)
                  00008c18    000001b6     rtsv7M4_T_le_v4SPD16_eabi.lib : fd_add_t2.obj (.text)
                  00008dce    00000136                                   : fd_div_t2.obj (.text)
                  00008f04    00000110     spiDriver.obj (.text)
                  00009014    000000fc     rtsv7M4_T_le_v4SPD16_eabi.lib : fd_mul_t2.obj (.text)
                  00009110    000000fc                                   : s_scalbn.obj (.text)
                  0000920c    000000c8     supportfunctions.obj (.text)
                  000092d4    000000c0     msp432_spi.obj (.text)
                  00009394    0000009c     msp432p4xx_driverlib.lib : cs.o (.text:CS_startHFXTWithTimeout)
                  00009430    0000009c     rtsv7M4_T_le_v4SPD16_eabi.lib : memcpy_t2.obj (.text)
                  000094cc    00000088     msp432p4xx_driverlib.lib : spi.o (.text:SPI_initMaster)
                  00009554    00000086     rtsv7M4_T_le_v4SPD16_eabi.lib : fd_cmp_t2.obj (.text:__aeabi_cdcmple)
                  000095da    00000086                                   : fd_cmp_t2.obj (.text:__aeabi_cdrcmple)
                  00009660    0000007a                                   : memset_t2.obj (.text)
                  000096da    00000002     --HOLE-- [fill = 0]
                  000096dc    00000070     msp432p4xx_driverlib.lib : cs.o (.text:_CSGetHFXTFrequency)
                  0000974c    00000070     rtsv7M4_T_le_v4SPD16_eabi.lib : autoinit.obj (.text)
                  000097bc    00000070                                   : printf.obj (.text)
                  0000982c    0000006e                                   : fd_tos_t2.obj (.text)
                  0000989a    00000068                                   : copy_decompress_lzss.obj (.text:decompress:lzss)
                  00009902    00000002     --HOLE-- [fill = 0]
                  00009904    00000064     msp432p4xx_driverlib.lib : interrupt.o (.text:Interrupt_enableInterrupt)
                  00009968    00000064     printfOverride.obj (.text)
                  000099cc    00000064     rtsv7M4_T_le_v4SPD16_eabi.lib : s_frexp.obj (.text)
                  00009a30    00000060                                   : sprintf.obj (.text)
                  00009a90    00000056                                   : ltoa.obj (.text)
                  00009ae6    00000002     --HOLE-- [fill = 0]
                  00009ae8    00000054                                   : boot.obj (.text)
                  00009b3c    00000054                                   : exit.obj (.text)
                  00009b90    0000004c                                   : atoi.obj (.text)
                  00009bdc    0000004c                                   : cpy_tbl.obj (.text)
                  00009c28    00000048     msp432p4xx_driverlib.lib : gpio.o (.text:GPIO_setAsPeripheralModuleFunctionInputPin)
                  00009c70    00000048     rtsv7M4_T_le_v4SPD16_eabi.lib : fd_toi_t2.obj (.text)
                  00009cb8    00000038                                   : fs_tod_t2.obj (.text)
                  00009cf0    00000030     msp432p4xx_driverlib.lib : spi.o (.text:is_A_Module)
                  00009d20    0000002e     rtsv7M4_T_le_v4SPD16_eabi.lib : i_tofd_t2.obj (.text)
                  00009d4e    00000002     --HOLE-- [fill = 0]
                  00009d50    00000024     msp432p4xx_driverlib.lib : gpio.o (.text:GPIO_setAsOutputPin)
                  00009d74    00000024                              : uart.o (.text:UART_transmitData)
                  00009d98    00000020                              : spi.o (.text:SPI_transmitData)
                  00009db8    00000020     rtsv7M4_T_le_v4SPD16_eabi.lib : u_tofd_t2.obj (.text)
                  00009dd8    0000001c                                   : memccpy.obj (.text)
                  00009df4    0000001a     msp432p4xx_driverlib.lib : spi.o (.text:SPI_enableModule)
                  00009e0e    0000001a                              : spi.o (.text:SPI_receiveData)
                  00009e28    00000018                              : gpio.o (.text:GPIO_setOutputLowOnPin)
                  00009e40    00000018     rtsv7M4_T_le_v4SPD16_eabi.lib : args_main.obj (.text)
                  00009e58    00000018                                   : ll_mul_t2.obj (.text)
                  00009e70    00000016     msp432p4xx_driverlib.lib : uart.o (.text:UART_enableInterrupt)
                  00009e86    00000016     rtsv7M4_T_le_v4SPD16_eabi.lib : strchr.obj (.text)
                  00009e9c    00000014     msp432p4xx_driverlib.lib : cs.o (.text:CS_setExternalClockSourceFrequency)
                  00009eb0    00000014                              : gpio.o (.text:GPIO_setOutputHighOnPin)
                  00009ec4    00000014     rtsv7M4_T_le_v4SPD16_eabi.lib : _lock.obj (.text)
                  00009ed8    00000014                                   : s_copysign.obj (.text)
                  00009eec    00000014                                   : strcpy.obj (.text)
                  00009f00    00000014                                   : strlen.obj (.text)
                  00009f14    00000010     msp432p4xx_driverlib.lib : sysctl.o (.text:SysCtl_disableNMISource)
                  00009f24    00000010                              : sysctl.o (.text:SysCtl_enableNMISource)
                  00009f34    00000010     msprf24.obj (.text:_msprf24_crc_mask)
                  00009f44    0000000e     rtsv7M4_T_le_v4SPD16_eabi.lib : copy_decompress_none.obj (.text:decompress:none)
                  00009f52    0000000e     startup_msp432p401r_ccs.obj (.text)
                  00009f60    0000000c     msp432p4xx_driverlib.lib : spi.o (.text:EUSCI_A_SPI_enable)
                  00009f6c    0000000c                              : spi.o (.text:EUSCI_B_SPI_enable)
                  00009f78    0000000c                              : sysctl.o (.text:SysCtl_getNMISourceStatus)
                  00009f84    0000000c     rtsv7M4_T_le_v4SPD16_eabi.lib : copy_zero_init.obj (.text:decompress:ZI)
                  00009f90    00000006     msp432p4xx_driverlib.lib : cs.o (.text:CS_startHFXT)
                  00009f96    00000006                              : spi.o (.text:EUSCI_A_SPI_receiveData)
                  00009f9c    00000006                              : spi.o (.text:EUSCI_B_SPI_receiveData)
                  00009fa2    00000004                              : spi.o (.text:EUSCI_A_SPI_transmitData)
                  00009fa6    00000004                              : spi.o (.text:EUSCI_B_SPI_transmitData)
                  00009faa    00000004     msprf24.obj (.text:_msprf24_irq_mask)
                  00009fae    00000004     rtsv7M4_T_le_v4SPD16_eabi.lib : pre_init.obj (.text)

.const     0    00009fb4    000002f4     
                  00009fb4    0000013a     main.obj (.const:.string)
                  0000a0ee    00000101     rtsv7M4_T_le_v4SPD16_eabi.lib : ctype.obj (.const:.string:_ctypes_)
                  0000a1ef    00000001     --HOLE-- [fill = 0]
                  0000a1f0    00000040     msp432p4xx_driverlib.lib : interrupt.o (.const)
                  0000a230    00000024     main.obj (.const:uartConfig)
                  0000a254    0000001c     msp432_spi.obj (.const:$P$T0$1)
                  0000a270    0000001c     main.obj (.const:currentTime)
                  0000a28c    0000001c     spiDriver.obj (.const:spiMasterConfig)

.cinit     0    0000a2a8    00000100     
                  0000a2a8    000000d6     (.cinit..data.load) [load image, compression = lzss]
                  0000a37e    00000002     --HOLE-- [fill = 0]
                  0000a380    0000000c     (__TI_handler_table)
                  0000a38c    00000004     --HOLE-- [fill = 0]
                  0000a390    00000008     (.cinit..bss.load) [load image, compression = zero_init]
                  0000a398    00000010     (__TI_cinit_table)

.init_array 
*          0    00000000    00000000     UNINITIALIZED

.bss       0    20000000    00000643     UNINITIALIZED
                  20000000    00000234     main.obj (.bss:fts)
                  20000234    00000224     main.obj (.bss:fil)
                  20000458    0000003c     (.common:bme280)
                  20000494    0000003c     (.common:data)
                  200004d0    0000003c     (.common:myStringToWrite)
                  2000050c    00000038     (.common:receiveBuffer)
                  20000544    00000024     (.common:receiveBufferRF)
                  20000568    0000001c     main.obj (.bss:dateAndTimeWrite)
                  20000584    0000001c     main.obj (.bss:myTime)
                  200005a0    0000001c     main.obj (.bss:newTime)
                  200005bc    00000010     (.common:regData)
                  200005cc    0000000c     bme280nterfacing.obj (.bss)
                  200005d8    0000000c     (.common:LightCondition)
                  200005e4    00000008     (.common:v_comp_humidity_u32)
                  200005ec    00000008     (.common:v_comp_press_u32)
                  200005f4    00000008     (.common:v_comp_temp_s32)
                  200005fc    00000004     ff.obj (.bss:FatFs)
                  20000600    00000004     bme280.obj (.bss)
                  20000604    00000004     (.common:LightCode)
                  20000608    00000004     (.common:com_rslt)
                  2000060c    00000004     (.common:hfxtFreq)
                  20000610    00000004     (.common:intervalCnt)
                  20000614    00000004     (.common:lfxtFreq)
                  20000618    00000004     (.common:p_bme280)
                  2000061c    00000004     (.common:pressureCompensation)
                  20000620    00000004     (.common:receiveBytes)
                  20000624    00000004     (.common:user)
                  20000628    00000004     (.common:v_data_uncomp_hum_s32)
                  2000062c    00000004     (.common:v_data_uncomp_pres_s32)
                  20000630    00000004     (.common:v_data_uncomp_temp_s32)
                  20000634    00000003     mmc-msp432P401r.obj (.bss)
                  20000637    00000001     main.obj (.bss)
                  20000638    00000002     ff.obj (.bss)
                  2000063a    00000001     (.common:ms_timeout)
                  2000063b    00000001     (.common:rf_addr_width)
                  2000063c    00000001     (.common:rf_channel)
                  2000063d    00000001     (.common:rf_crc)
                  2000063e    00000001     (.common:rf_feature)
                  2000063f    00000001     (.common:rf_irq)
                  20000640    00000001     (.common:rf_speed_power)
                  20000641    00000001     (.common:rf_status)
                  20000642    00000001     (.common:v_stand_by_time_u8)

.data      0    20000644    00000206     UNINITIALIZED
                  20000644    000000f0     rtsv7M4_T_le_v4SPD16_eabi.lib : defs.obj (.data:_ftable)
                  20000734    000000a0     main.obj (.data:g_psFResultStrings)
                  200007d4    00000030     msp432p4xx_driverlib.lib : gpio.o (.data:GPIO_PORT_TO_BASE)
                  20000804    00000020     main.obj (.data)
                  20000824    0000000c     rtsv7M4_T_le_v4SPD16_eabi.lib : exit.obj (.data:$O1$$)
                  20000830    00000008                                   : _lock.obj (.data:$O1$$)
                  20000838    00000004                                   : errno.obj (.data)
                  2000083c    00000004                                   : stkdepth_vars.obj (.data)
                  20000840    00000004     supportfunctions.obj (.data)
                  20000844    00000004     system_msp432p401r.obj (.data)
                  20000848    00000002     mmc-msp432P401r.obj (.data)

.stack     0    2000fe00    00000200     UNINITIALIZED
                  2000fe00    00000200     --HOLE--

MODULE SUMMARY

       Module                        code    ro data   rw data
       ------                        ----    -------   -------
    .\
       bme280.obj                    7836    0         8      
       main.obj                      2024    378       3138   
       msprf24.obj                   3184    0         14     
       bme280nterfacing.obj          1988    0         316    
       i2c.obj                       944     0         0      
       system_msp432p401r.obj        812     0         8      
       Transmission.obj              484     0         80     
       spiDriver.obj                 272     28        0      
       startup_msp432p401r_ccs.obj   14      228       0      
       msp432_spi.obj                192     28        0      
       supportfunctions.obj          200     0         8      
       printfOverride.obj            100     0         0      
    +--+-----------------------------+-------+---------+---------+
       Total:                        18050   662       3572   
                                                              
    .\thirdparty\fatfs\port\
       mmc-msp432P401r.obj           2160    0         10     
    +--+-----------------------------+-------+---------+---------+
       Total:                        2160    0         10     
                                                              
    .\thirdparty\fatfs\src\
       ff.obj                        10766   0         12     
    +--+-----------------------------+-------+---------+---------+
       Total:                        10766   0         12     
                                                              
    C:/ti/msp/MSP432Ware_3_50_00_02/driverlib/driverlib/MSP432P4xx/ccs/msp432p4xx_driverlib.lib
       spi.o                         312     0         0      
       cs.o                          294     0         16     
       gpio.o                        152     0         96     
       interrupt.o                   100     64        0      
       uart.o                        58      0         0      
       sysctl.o                      44      0         0      
    +--+-----------------------------+-------+---------+---------+
       Total:                        960     64        112    
                                                              
    C:\ti\ccsv7\tools\compiler\ti-cgt-arm_16.9.0.LTS\lib\rtsv7M4_T_le_v4SPD16_eabi.lib
       _printfi.obj                  4410    0         0      
       ll_div_t2.obj                 542     0         0      
       ull_div_t2.obj                500     0         0      
       defs.obj                      0       0         480    
       fd_add_t2.obj                 438     0         0      
       fd_div_t2.obj                 310     0         0      
       fd_cmp_t2.obj                 268     0         0      
       ctype.obj                     0       257       0      
       fd_mul_t2.obj                 252     0         0      
       s_scalbn.obj                  252     0         0      
       memcpy_t2.obj                 156     0         0      
       memset_t2.obj                 122     0         0      
       autoinit.obj                  112     0         0      
       printf.obj                    112     0         0      
       fd_tos_t2.obj                 110     0         0      
       exit.obj                      84      0         24     
       copy_decompress_lzss.obj      104     0         0      
       s_frexp.obj                   100     0         0      
       sprintf.obj                   96      0         0      
       ltoa.obj                      86      0         0      
       boot.obj                      84      0         0      
       atoi.obj                      76      0         0      
       cpy_tbl.obj                   76      0         0      
       fd_toi_t2.obj                 72      0         0      
       fs_tod_t2.obj                 56      0         0      
       i_tofd_t2.obj                 46      0         0      
       _lock.obj                     20      0         16     
       u_tofd_t2.obj                 32      0         0      
       memccpy.obj                   28      0         0      
       args_main.obj                 24      0         0      
       ll_mul_t2.obj                 24      0         0      
       strchr.obj                    22      0         0      
       s_copysign.obj                20      0         0      
       strcpy.obj                    20      0         0      
       strlen.obj                    20      0         0      
       copy_decompress_none.obj      14      0         0      
       copy_zero_init.obj            12      0         0      
       errno.obj                     0       0         8      
       stkdepth_vars.obj             0       0         8      
       pre_init.obj                  4       0         0      
       l_div0.obj                    2       0         0      
       mpu_init.obj                  2       0         0      
       startup.obj                   2       0         0      
    +--+-----------------------------+-------+---------+---------+
       Total:                        8710    257       536    
                                                              
       Stack:                        0       0         1024   
       Linker Generated:             0       250       0      
    +--+-----------------------------+-------+---------+---------+
       Grand Total:                  40646   1233      5266   


LINKER GENERATED COPY TABLES

__TI_cinit_table @ 0000a398 records: 2, size/record: 8, table size: 16
	.data: load addr=0000a2a8, load size=000000d6 bytes, run addr=20000644, run size=00000206 bytes, compression=lzss
	.bss: load addr=0000a390, load size=00000008 bytes, run addr=20000000, run size=00000643 bytes, compression=zero_init


LINKER GENERATED HANDLER TABLE

__TI_handler_table @ 0000a380 records: 3, size/record: 4, table size: 12
	index: 0, handler: __TI_decompress_lzss
	index: 1, handler: __TI_decompress_none
	index: 2, handler: __TI_zero_init


GLOBAL SYMBOLS: SORTED ALPHABETICALLY BY Name 

address   name                                                  
-------   ----                                                  
00007cd5  ADC14_IRQHandler                                      
00007cd5  ADC14_IRQHandler                                      
00009f5f  AES256_IRQHandler                                     
000078b3  BME280_I2C_bus_read                                   
00007781  BME280_I2C_bus_write                                  
000079e9  BME280_delay_msek                                     
00009f5f  BusFault_Handler                                      
00009b3d  C$$EXIT                                               
00009f5f  COMP_E0_IRQHandler                                    
00009f5f  COMP_E1_IRQHandler                                    
00009f5f  CS_IRQHandler                                         
00009e9d  CS_setExternalClockSourceFrequency                    
00009f91  CS_startHFXT                                          
00009395  CS_startHFXTWithTimeout                               
00009f5f  DMA_ERR_IRQHandler                                    
00009f5f  DMA_INT0_IRQHandler                                   
00009f5f  DMA_INT1_IRQHandler                                   
00009f5f  DMA_INT2_IRQHandler                                   
00009f5f  DMA_INT3_IRQHandler                                   
00009f5f  DebugMon_Handler                                      
00009f5f  Default_Handler                                       
000070bb  EUSCIA0_IRQHandler                                    
000070bb  EUSCIA0_IRQHandler                                    
00009f5f  EUSCIA1_IRQHandler                                    
00009f5f  EUSCIA2_IRQHandler                                    
00009f5f  EUSCIA3_IRQHandler                                    
00009f5f  EUSCIB0_IRQHandler                                    
00009f5f  EUSCIB1_IRQHandler                                    
00009f5f  EUSCIB2_IRQHandler                                    
00009f5f  EUSCIB3_IRQHandler                                    
00009f61  EUSCI_A_SPI_enable                                    
00009f97  EUSCI_A_SPI_receiveData                               
00009fa3  EUSCI_A_SPI_transmitData                              
00009f6d  EUSCI_B_SPI_enable                                    
00009f9d  EUSCI_B_SPI_receiveData                               
00009fa7  EUSCI_B_SPI_transmitData                              
00009f5f  FLCTL_IRQHandler                                      
00009f5f  FPU_IRQHandler                                        
00009d51  GPIO_setAsOutputPin                                   
00009c29  GPIO_setAsPeripheralModuleFunctionInputPin            
00009eb1  GPIO_setOutputHighOnPin                               
00009e29  GPIO_setOutputLowOnPin                                
00009f5f  HardFault_Handler                                     
00007f45  I2C_Init                                              
00007f8b  I2C_Recv                                              
00007ff9  I2C_Recv2                                             
0000809d  I2C_Send1                                             
0000811f  I2C_Send2                                             
000081d7  I2C_Send3                                             
00007a2d  I2C_routine                                           
00009905  Interrupt_enableInterrupt                             
20000604  LightCode                                             
200005d8  LightCondition                                        
00009f5f  MemManage_Handler                                     
00009f5f  NMI_Handler                                           
00009f5f  PCM_IRQHandler                                        
000075ed  PORT1_IRQHandler                                      
000075ed  PORT1_IRQHandler                                      
00009f5f  PORT2_IRQHandler                                      
00009f5f  PORT3_IRQHandler                                      
00005fb3  PORT4_IRQHandler                                      
00005fb3  PORT4_IRQHandler                                      
00009f5f  PORT5_IRQHandler                                      
00009f5f  PORT6_IRQHandler                                      
00009f5f  PSS_IRQHandler                                        
00009f5f  PendSV_Handler                                        
00007241  RTC_C_IRQHandler                                      
00007241  RTC_C_IRQHandler                                      
00009f53  Reset_Handler                                         
UNDEFED   SHT$$INIT_ARRAY$$Base                                 
UNDEFED   SHT$$INIT_ARRAY$$Limit                                
00009df5  SPI_enableModule                                      
000094cd  SPI_initMaster                                        
00009e0f  SPI_receiveData                                       
00009d99  SPI_transmitData                                      
00009f5f  SVC_Handler                                           
00006f99  StringFromFResult                                     
00009f15  SysCtl_disableNMISource                               
00009f25  SysCtl_enableNMISource                                
00009f79  SysCtl_getNMISourceStatus                             
00009289  SysTick_Handler                                       
00009289  SysTick_Handler                                       
20000844  SystemCoreClock                                       
000082f5  SystemCoreClockUpdate                                 
00008569  SystemInit                                            
00009f5f  T32_INT1_IRQHandler                                   
00009f5f  T32_INT2_IRQHandler                                   
00009f5f  T32_INTC_IRQHandler                                   
00009f5f  TA0_0_IRQHandler                                      
00009f5f  TA0_N_IRQHandler                                      
00009f5f  TA1_0_IRQHandler                                      
00009f5f  TA1_N_IRQHandler                                      
00009f5f  TA2_0_IRQHandler                                      
00009f5f  TA2_N_IRQHandler                                      
00009f5f  TA3_0_IRQHandler                                      
00009f5f  TA3_N_IRQHandler                                      
00009e71  UART_enableInterrupt                                  
00009d75  UART_transmitData                                     
00009f5f  UsageFault_Handler                                    
4000480c  WDTCTL_SYM                                            
00009f5f  WDT_A_IRQHandler                                      
20010000  __STACK_END                                           
00000200  __STACK_SIZE                                          
0000a398  __TI_CINIT_Base                                       
0000a3a8  __TI_CINIT_Limit                                      
0000a380  __TI_Handler_Table_Base                               
0000a38c  __TI_Handler_Table_Limit                              
0000974d  __TI_auto_init                                        
20000824  __TI_cleanup_ptr                                      
0000989b  __TI_decompress_lzss                                  
00009f45  __TI_decompress_none                                  
20000828  __TI_dtors_ptr                                        
2000082c  __TI_enable_exit_profile_output                       
ffffffff  __TI_pprof_out_hndl                                   
000051d1  __TI_printfi                                          
ffffffff  __TI_prof_data_size                                   
ffffffff  __TI_prof_data_start                                  
00000000  __TI_static_base__                                    
00009f85  __TI_zero_init                                        
00009555  __aeabi_cdcmpeq                                       
00009555  __aeabi_cdcmple                                       
000095db  __aeabi_cdrcmple                                      
0000982d  __aeabi_d2f                                           
00009c71  __aeabi_d2iz                                          
00008c23  __aeabi_dadd                                          
00008dcf  __aeabi_ddiv                                          
00009015  __aeabi_dmul                                          
00008c19  __aeabi_dsub                                          
00009cb9  __aeabi_f2d                                           
00009d21  __aeabi_i2d                                           
00002af3  __aeabi_ldiv0                                         
00008621  __aeabi_ldivmod                                       
00009e59  __aeabi_lmul                                          
00009661  __aeabi_memclr                                        
00009661  __aeabi_memclr4                                       
00009661  __aeabi_memclr8                                       
00009431  __aeabi_memcpy                                        
00009431  __aeabi_memcpy4                                       
00009431  __aeabi_memcpy8                                       
00009663  __aeabi_memset                                        
00009663  __aeabi_memset4                                       
00009663  __aeabi_memset8                                       
00009db9  __aeabi_ui2d                                          
0000883f  __aeabi_uldivmod                                      
ffffffff  __binit__                                             
ffffffff  __c_args__                                            
00005acb  __mpu_init                                            
2000fe00  __stack                                               
00009e41  _args_main                                            
00009ae9  _c_int00                                              
0000a0ee  _ctypes_                                              
20000644  _ftable                                               
20000830  _lock                                                 
00009f35  _msprf24_crc_mask                                     
00009fab  _msprf24_irq_mask                                     
00009ed3  _nop                                                  
00009ecb  _register_lock                                        
00009ec5  _register_unlock                                      
00008a33  _system_post_cinit                                    
00009faf  _system_pre_init                                      
20000834  _unlock                                               
00009b41  abort                                                 
00007c0b  adcInit                                               
00009b91  atoi                                                  
ffffffff  binit                                                 
20000458  bme280                                                
00007a49  bme280Init                                            
000044c5  bme280_compensate_humidity_double                     
00002e81  bme280_compensate_humidity_int32                      
00002f3d  bme280_compensate_humidity_int32_sixteen_bit_output   
00004221  bme280_compensate_pressure_double                     
00002cf9  bme280_compensate_pressure_int32                      
000046d9  bme280_compensate_pressure_int64                      
000048e5  bme280_compensate_pressure_int64_twentyfour_bit_output
000040b7  bme280_compensate_temperature_double                  
00002bf7  bme280_compensate_temperature_int32                   
00002c6f  bme280_compensate_temperature_int32_sixteen_bit_output
000048ff  bme280_compute_wait_time                              
00003057  bme280_get_calib_param                                
00003b0b  bme280_get_filter                                     
00003e75  bme280_get_forced_uncomp_pressure_temperature_humidity
0000356f  bme280_get_oversamp_humidity                          
000033bb  bme280_get_oversamp_pressure                          
000031f9  bme280_get_oversamp_temperature                       
0000375d  bme280_get_power_mode                                 
0000395d  bme280_get_spi3                                       
00003cc1  bme280_get_standby_durn                               
00002af5  bme280_init                                           
00002ff7  bme280_read_pressure_temperature_humidity             
00004071  bme280_read_register                                  
00002e2b  bme280_read_uncomp_humidity                           
00002c99  bme280_read_uncomp_pressure                           
00002f65  bme280_read_uncomp_pressure_temperature_humidity      
00002b97  bme280_read_uncomp_temperature                        
00003b61  bme280_set_filter                                     
000035c9  bme280_set_oversamp_humidity                          
00003417  bme280_set_oversamp_pressure                          
00003255  bme280_set_oversamp_temperature                       
000037b1  bme280_set_power_mode                                 
0000391d  bme280_set_soft_rst                                   
000039ab  bme280_set_spi3                                       
00003d11  bme280_set_standby_durn                               
0000402b  bme280_write_register                                 
2000080c  br                                                    
2000081c  bufferPosition                                        
20000808  bw                                                    
0000920d  clockInit48MHzXTL                                     
0000037d  clust2sect                                            
20000608  com_rslt                                              
00007107  convertToDateAndtime                                  
00009bdd  copy_in                                               
00009ed9  copysign                                              
00009ed9  copysignl                                             
0000a270  currentTime                                           
20000494  data                                                  
20000820  dateAndTimeRecieved                                   
000069ed  disk_initialize                                       
00006d3d  disk_ioctl                                            
00006bab  disk_read                                             
00006b91  disk_status                                           
00006f3f  disk_timerproc                                        
00006c55  disk_write                                            
20000838  errno                                                 
00009b49  exit                                                  
00002887  f_chmod                                               
00001f51  f_close                                               
00002349  f_getfree                                             
00001f71  f_lseek                                               
000026a1  f_mkdir                                               
000016f3  f_mount                                               
00001745  f_open                                                
000021bf  f_opendir                                             
0000195d  f_read                                                
0000226f  f_readdir                                             
0000299b  f_rename                                              
000022f9  f_stat                                                
00001e55  f_sync                                                
000024ab  f_truncate                                            
0000259f  f_unlink                                              
00002917  f_utime                                               
00001bb1  f_write                                               
20000840  fatCounter                                            
00005e8b  flush_rx                                              
00005e69  flush_tx                                              
00009969  fputc                                                 
00009987  fputs                                                 
000099cd  frexp                                                 
000099cd  frexpl                                                
20000734  g_psFResultStrings                                    
000072e9  getAndSetDateAndTime                                  
00007d8d  getLightSensorValues                                  
00007b1d  getSensorValues                                       
000003ad  get_fat                                               
00006f83  get_fattime                                           
20000804  gucCommandReady                                       
00006fd7  initRTC                                               
00000000  interruptVectors                                      
20000610  intervalCnt                                           
00009111  ldexp                                                 
00009111  ldexpl                                                
00009a91  ltoa                                                  
000073e9  main                                                  
2000083c  main_func_sp                                          
00009dd9  memccpy                                               
00009431  memcpy                                                
00009669  memset                                                
2000063a  ms_timeout                                            
00006563  msprf24_activate_rx                                   
00006587  msprf24_activate_tx                                   
00006129  msprf24_close_pipe                                    
00006185  msprf24_close_pipe_all                                
000064a9  msprf24_current_state                                 
000060f9  msprf24_disable_feature                               
000060bf  msprf24_enable_feature                                
0000665d  msprf24_get_irq_reason                                
000063bf  msprf24_get_last_retransmits                          
000063cd  msprf24_get_lostpackets                               
00005fd5  msprf24_init                                          
0000669d  msprf24_irq_clear                                     
000063db  msprf24_is_alive                                      
000061a9  msprf24_open_pipe                                     
00006223  msprf24_pipe_isopen                                   
00006505  msprf24_powerdown                                     
0000659b  msprf24_queue_state                                   
00006629  msprf24_rx_pending                                    
000065a5  msprf24_scan                                          
00006483  msprf24_set_address_width                             
00006463  msprf24_set_channel                                   
00006405  msprf24_set_config                                    
0000625f  msprf24_set_pipe_packetsize                           
00006395  msprf24_set_retransmit_count                          
000062f9  msprf24_set_retransmit_delay                          
00006435  msprf24_set_speed_power                               
00006521  msprf24_standby                                       
200004d0  myStringToWrite                                       
20000810  offset                                                
20000618  p_bme280                                              
2000061c  pressureCompensation                                  
000097c5  printf                                                
00005ed3  pulse_ce                                              
000004d1  put_fat                                               
00005acd  r_reg                                                 
00005da1  r_rx_payload                                          
00005d65  r_rx_peek_payload_size                                
00008bab  receive                                               
2000050c  receiveBuffer                                         
20000544  receiveBufferRF                                       
20000620  receiveBytes                                          
00008b45  receiveInit                                           
200005bc  regData                                               
2000063b  rf_addr_width                                         
2000063c  rf_channel                                            
2000063d  rf_crc                                                
2000063e  rf_feature                                            
2000063f  rf_irq                                                
20000640  rf_speed_power                                        
20000641  rf_status                                             
00009111  scalbn                                                
00009111  scalbnl                                               
0000a28c  spiMasterConfig                                       
00008f05  spi_Close                                             
00008f11  spi_Open                                              
00008f99  spi_Read                                              
00008f3f  spi_Write                                             
000092d5  spi_init                                              
00009305  spi_transfer                                          
0000932f  spi_transfer16                                        
00009a31  sprintf                                               
00009e87  strchr                                                
00009eed  strcpy                                                
00009f01  strlen                                                
00008a9d  transmit                                              
00008a35  transmitInit                                          
20000818  transmitState                                         
00005eb1  tx_reuse_lastpayload                                  
0000a230  uartConfig                                            
20000624  user                                                  
200005e4  v_comp_humidity_u32                                   
200005ec  v_comp_press_u32                                      
200005f4  v_comp_temp_s32                                       
20000628  v_data_uncomp_hum_s32                                 
2000062c  v_data_uncomp_pres_s32                                
20000630  v_data_uncomp_temp_s32                                
20000642  v_stand_by_time_u8                                    
00005ef5  w_ack_payload                                         
00005b17  w_reg                                                 
00005bab  w_rx_addr                                             
00005b63  w_tx_addr                                             
00005c21  w_tx_payload                                          
00005cbf  w_tx_payload_noack                                    
00006ffd  writeTofile                                           
20000814  writeTofileFlag                                       


GLOBAL SYMBOLS: SORTED BY Symbol Address 

address   name                                                  
-------   ----                                                  
00000000  __TI_static_base__                                    
00000000  interruptVectors                                      
00000200  __STACK_SIZE                                          
0000037d  clust2sect                                            
000003ad  get_fat                                               
000004d1  put_fat                                               
000016f3  f_mount                                               
00001745  f_open                                                
0000195d  f_read                                                
00001bb1  f_write                                               
00001e55  f_sync                                                
00001f51  f_close                                               
00001f71  f_lseek                                               
000021bf  f_opendir                                             
0000226f  f_readdir                                             
000022f9  f_stat                                                
00002349  f_getfree                                             
000024ab  f_truncate                                            
0000259f  f_unlink                                              
000026a1  f_mkdir                                               
00002887  f_chmod                                               
00002917  f_utime                                               
0000299b  f_rename                                              
00002af3  __aeabi_ldiv0                                         
00002af5  bme280_init                                           
00002b97  bme280_read_uncomp_temperature                        
00002bf7  bme280_compensate_temperature_int32                   
00002c6f  bme280_compensate_temperature_int32_sixteen_bit_output
00002c99  bme280_read_uncomp_pressure                           
00002cf9  bme280_compensate_pressure_int32                      
00002e2b  bme280_read_uncomp_humidity                           
00002e81  bme280_compensate_humidity_int32                      
00002f3d  bme280_compensate_humidity_int32_sixteen_bit_output   
00002f65  bme280_read_uncomp_pressure_temperature_humidity      
00002ff7  bme280_read_pressure_temperature_humidity             
00003057  bme280_get_calib_param                                
000031f9  bme280_get_oversamp_temperature                       
00003255  bme280_set_oversamp_temperature                       
000033bb  bme280_get_oversamp_pressure                          
00003417  bme280_set_oversamp_pressure                          
0000356f  bme280_get_oversamp_humidity                          
000035c9  bme280_set_oversamp_humidity                          
0000375d  bme280_get_power_mode                                 
000037b1  bme280_set_power_mode                                 
0000391d  bme280_set_soft_rst                                   
0000395d  bme280_get_spi3                                       
000039ab  bme280_set_spi3                                       
00003b0b  bme280_get_filter                                     
00003b61  bme280_set_filter                                     
00003cc1  bme280_get_standby_durn                               
00003d11  bme280_set_standby_durn                               
00003e75  bme280_get_forced_uncomp_pressure_temperature_humidity
0000402b  bme280_write_register                                 
00004071  bme280_read_register                                  
000040b7  bme280_compensate_temperature_double                  
00004221  bme280_compensate_pressure_double                     
000044c5  bme280_compensate_humidity_double                     
000046d9  bme280_compensate_pressure_int64                      
000048e5  bme280_compensate_pressure_int64_twentyfour_bit_output
000048ff  bme280_compute_wait_time                              
000051d1  __TI_printfi                                          
00005acb  __mpu_init                                            
00005acd  r_reg                                                 
00005b17  w_reg                                                 
00005b63  w_tx_addr                                             
00005bab  w_rx_addr                                             
00005c21  w_tx_payload                                          
00005cbf  w_tx_payload_noack                                    
00005d65  r_rx_peek_payload_size                                
00005da1  r_rx_payload                                          
00005e69  flush_tx                                              
00005e8b  flush_rx                                              
00005eb1  tx_reuse_lastpayload                                  
00005ed3  pulse_ce                                              
00005ef5  w_ack_payload                                         
00005fb3  PORT4_IRQHandler                                      
00005fb3  PORT4_IRQHandler                                      
00005fd5  msprf24_init                                          
000060bf  msprf24_enable_feature                                
000060f9  msprf24_disable_feature                               
00006129  msprf24_close_pipe                                    
00006185  msprf24_close_pipe_all                                
000061a9  msprf24_open_pipe                                     
00006223  msprf24_pipe_isopen                                   
0000625f  msprf24_set_pipe_packetsize                           
000062f9  msprf24_set_retransmit_delay                          
00006395  msprf24_set_retransmit_count                          
000063bf  msprf24_get_last_retransmits                          
000063cd  msprf24_get_lostpackets                               
000063db  msprf24_is_alive                                      
00006405  msprf24_set_config                                    
00006435  msprf24_set_speed_power                               
00006463  msprf24_set_channel                                   
00006483  msprf24_set_address_width                             
000064a9  msprf24_current_state                                 
00006505  msprf24_powerdown                                     
00006521  msprf24_standby                                       
00006563  msprf24_activate_rx                                   
00006587  msprf24_activate_tx                                   
0000659b  msprf24_queue_state                                   
000065a5  msprf24_scan                                          
00006629  msprf24_rx_pending                                    
0000665d  msprf24_get_irq_reason                                
0000669d  msprf24_irq_clear                                     
000069ed  disk_initialize                                       
00006b91  disk_status                                           
00006bab  disk_read                                             
00006c55  disk_write                                            
00006d3d  disk_ioctl                                            
00006f3f  disk_timerproc                                        
00006f83  get_fattime                                           
00006f99  StringFromFResult                                     
00006fd7  initRTC                                               
00006ffd  writeTofile                                           
000070bb  EUSCIA0_IRQHandler                                    
000070bb  EUSCIA0_IRQHandler                                    
00007107  convertToDateAndtime                                  
00007241  RTC_C_IRQHandler                                      
00007241  RTC_C_IRQHandler                                      
000072e9  getAndSetDateAndTime                                  
000073e9  main                                                  
000075ed  PORT1_IRQHandler                                      
000075ed  PORT1_IRQHandler                                      
00007781  BME280_I2C_bus_write                                  
000078b3  BME280_I2C_bus_read                                   
000079e9  BME280_delay_msek                                     
00007a2d  I2C_routine                                           
00007a49  bme280Init                                            
00007b1d  getSensorValues                                       
00007c0b  adcInit                                               
00007cd5  ADC14_IRQHandler                                      
00007cd5  ADC14_IRQHandler                                      
00007d8d  getLightSensorValues                                  
00007f45  I2C_Init                                              
00007f8b  I2C_Recv                                              
00007ff9  I2C_Recv2                                             
0000809d  I2C_Send1                                             
0000811f  I2C_Send2                                             
000081d7  I2C_Send3                                             
000082f5  SystemCoreClockUpdate                                 
00008569  SystemInit                                            
00008621  __aeabi_ldivmod                                       
0000883f  __aeabi_uldivmod                                      
00008a33  _system_post_cinit                                    
00008a35  transmitInit                                          
00008a9d  transmit                                              
00008b45  receiveInit                                           
00008bab  receive                                               
00008c19  __aeabi_dsub                                          
00008c23  __aeabi_dadd                                          
00008dcf  __aeabi_ddiv                                          
00008f05  spi_Close                                             
00008f11  spi_Open                                              
00008f3f  spi_Write                                             
00008f99  spi_Read                                              
00009015  __aeabi_dmul                                          
00009111  ldexp                                                 
00009111  ldexpl                                                
00009111  scalbn                                                
00009111  scalbnl                                               
0000920d  clockInit48MHzXTL                                     
00009289  SysTick_Handler                                       
00009289  SysTick_Handler                                       
000092d5  spi_init                                              
00009305  spi_transfer                                          
0000932f  spi_transfer16                                        
00009395  CS_startHFXTWithTimeout                               
00009431  __aeabi_memcpy                                        
00009431  __aeabi_memcpy4                                       
00009431  __aeabi_memcpy8                                       
00009431  memcpy                                                
000094cd  SPI_initMaster                                        
00009555  __aeabi_cdcmpeq                                       
00009555  __aeabi_cdcmple                                       
000095db  __aeabi_cdrcmple                                      
00009661  __aeabi_memclr                                        
00009661  __aeabi_memclr4                                       
00009661  __aeabi_memclr8                                       
00009663  __aeabi_memset                                        
00009663  __aeabi_memset4                                       
00009663  __aeabi_memset8                                       
00009669  memset                                                
0000974d  __TI_auto_init                                        
000097c5  printf                                                
0000982d  __aeabi_d2f                                           
0000989b  __TI_decompress_lzss                                  
00009905  Interrupt_enableInterrupt                             
00009969  fputc                                                 
00009987  fputs                                                 
000099cd  frexp                                                 
000099cd  frexpl                                                
00009a31  sprintf                                               
00009a91  ltoa                                                  
00009ae9  _c_int00                                              
00009b3d  C$$EXIT                                               
00009b41  abort                                                 
00009b49  exit                                                  
00009b91  atoi                                                  
00009bdd  copy_in                                               
00009c29  GPIO_setAsPeripheralModuleFunctionInputPin            
00009c71  __aeabi_d2iz                                          
00009cb9  __aeabi_f2d                                           
00009d21  __aeabi_i2d                                           
00009d51  GPIO_setAsOutputPin                                   
00009d75  UART_transmitData                                     
00009d99  SPI_transmitData                                      
00009db9  __aeabi_ui2d                                          
00009dd9  memccpy                                               
00009df5  SPI_enableModule                                      
00009e0f  SPI_receiveData                                       
00009e29  GPIO_setOutputLowOnPin                                
00009e41  _args_main                                            
00009e59  __aeabi_lmul                                          
00009e71  UART_enableInterrupt                                  
00009e87  strchr                                                
00009e9d  CS_setExternalClockSourceFrequency                    
00009eb1  GPIO_setOutputHighOnPin                               
00009ec5  _register_unlock                                      
00009ecb  _register_lock                                        
00009ed3  _nop                                                  
00009ed9  copysign                                              
00009ed9  copysignl                                             
00009eed  strcpy                                                
00009f01  strlen                                                
00009f15  SysCtl_disableNMISource                               
00009f25  SysCtl_enableNMISource                                
00009f35  _msprf24_crc_mask                                     
00009f45  __TI_decompress_none                                  
00009f53  Reset_Handler                                         
00009f5f  AES256_IRQHandler                                     
00009f5f  BusFault_Handler                                      
00009f5f  COMP_E0_IRQHandler                                    
00009f5f  COMP_E1_IRQHandler                                    
00009f5f  CS_IRQHandler                                         
00009f5f  DMA_ERR_IRQHandler                                    
00009f5f  DMA_INT0_IRQHandler                                   
00009f5f  DMA_INT1_IRQHandler                                   
00009f5f  DMA_INT2_IRQHandler                                   
00009f5f  DMA_INT3_IRQHandler                                   
00009f5f  DebugMon_Handler                                      
00009f5f  Default_Handler                                       
00009f5f  EUSCIA1_IRQHandler                                    
00009f5f  EUSCIA2_IRQHandler                                    
00009f5f  EUSCIA3_IRQHandler                                    
00009f5f  EUSCIB0_IRQHandler                                    
00009f5f  EUSCIB1_IRQHandler                                    
00009f5f  EUSCIB2_IRQHandler                                    
00009f5f  EUSCIB3_IRQHandler                                    
00009f5f  FLCTL_IRQHandler                                      
00009f5f  FPU_IRQHandler                                        
00009f5f  HardFault_Handler                                     
00009f5f  MemManage_Handler                                     
00009f5f  NMI_Handler                                           
00009f5f  PCM_IRQHandler                                        
00009f5f  PORT2_IRQHandler                                      
00009f5f  PORT3_IRQHandler                                      
00009f5f  PORT5_IRQHandler                                      
00009f5f  PORT6_IRQHandler                                      
00009f5f  PSS_IRQHandler                                        
00009f5f  PendSV_Handler                                        
00009f5f  SVC_Handler                                           
00009f5f  T32_INT1_IRQHandler                                   
00009f5f  T32_INT2_IRQHandler                                   
00009f5f  T32_INTC_IRQHandler                                   
00009f5f  TA0_0_IRQHandler                                      
00009f5f  TA0_N_IRQHandler                                      
00009f5f  TA1_0_IRQHandler                                      
00009f5f  TA1_N_IRQHandler                                      
00009f5f  TA2_0_IRQHandler                                      
00009f5f  TA2_N_IRQHandler                                      
00009f5f  TA3_0_IRQHandler                                      
00009f5f  TA3_N_IRQHandler                                      
00009f5f  UsageFault_Handler                                    
00009f5f  WDT_A_IRQHandler                                      
00009f61  EUSCI_A_SPI_enable                                    
00009f6d  EUSCI_B_SPI_enable                                    
00009f79  SysCtl_getNMISourceStatus                             
00009f85  __TI_zero_init                                        
00009f91  CS_startHFXT                                          
00009f97  EUSCI_A_SPI_receiveData                               
00009f9d  EUSCI_B_SPI_receiveData                               
00009fa3  EUSCI_A_SPI_transmitData                              
00009fa7  EUSCI_B_SPI_transmitData                              
00009fab  _msprf24_irq_mask                                     
00009faf  _system_pre_init                                      
0000a0ee  _ctypes_                                              
0000a230  uartConfig                                            
0000a270  currentTime                                           
0000a28c  spiMasterConfig                                       
0000a380  __TI_Handler_Table_Base                               
0000a38c  __TI_Handler_Table_Limit                              
0000a398  __TI_CINIT_Base                                       
0000a3a8  __TI_CINIT_Limit                                      
20000458  bme280                                                
20000494  data                                                  
200004d0  myStringToWrite                                       
2000050c  receiveBuffer                                         
20000544  receiveBufferRF                                       
200005bc  regData                                               
200005d8  LightCondition                                        
200005e4  v_comp_humidity_u32                                   
200005ec  v_comp_press_u32                                      
200005f4  v_comp_temp_s32                                       
20000604  LightCode                                             
20000608  com_rslt                                              
20000610  intervalCnt                                           
20000618  p_bme280                                              
2000061c  pressureCompensation                                  
20000620  receiveBytes                                          
20000624  user                                                  
20000628  v_data_uncomp_hum_s32                                 
2000062c  v_data_uncomp_pres_s32                                
20000630  v_data_uncomp_temp_s32                                
2000063a  ms_timeout                                            
2000063b  rf_addr_width                                         
2000063c  rf_channel                                            
2000063d  rf_crc                                                
2000063e  rf_feature                                            
2000063f  rf_irq                                                
20000640  rf_speed_power                                        
20000641  rf_status                                             
20000642  v_stand_by_time_u8                                    
20000644  _ftable                                               
20000734  g_psFResultStrings                                    
20000804  gucCommandReady                                       
20000808  bw                                                    
2000080c  br                                                    
20000810  offset                                                
20000814  writeTofileFlag                                       
20000818  transmitState                                         
2000081c  bufferPosition                                        
20000820  dateAndTimeRecieved                                   
20000824  __TI_cleanup_ptr                                      
20000828  __TI_dtors_ptr                                        
2000082c  __TI_enable_exit_profile_output                       
20000830  _lock                                                 
20000834  _unlock                                               
20000838  errno                                                 
2000083c  main_func_sp                                          
20000840  fatCounter                                            
20000844  SystemCoreClock                                       
2000fe00  __stack                                               
20010000  __STACK_END                                           
4000480c  WDTCTL_SYM                                            
ffffffff  __TI_pprof_out_hndl                                   
ffffffff  __TI_prof_data_size                                   
ffffffff  __TI_prof_data_start                                  
ffffffff  __binit__                                             
ffffffff  __c_args__                                            
ffffffff  binit                                                 
UNDEFED   SHT$$INIT_ARRAY$$Base                                 
UNDEFED   SHT$$INIT_ARRAY$$Limit                                

[352 symbols]
